Component: ARM Compiler 5.06 update 7 (build 960) Tool: armlink [4d3601]

==============================================================================

Section Cross References

    stm32f1xx_hal.o(i.HAL_DeInit) refers to stm32f1xx_hal.o(i.HAL_MspDeInit) for HAL_MspDeInit
    stm32f1xx_hal.o(i.HAL_Delay) refers to stm32f1xx_hal.o(i.HAL_GetTick) for HAL_GetTick
    stm32f1xx_hal.o(i.HAL_Delay) refers to stm32f1xx_hal.o(.data) for uwTickFreq
    stm32f1xx_hal.o(i.HAL_GetTick) refers to stm32f1xx_hal.o(.data) for uwTick
    stm32f1xx_hal.o(i.HAL_GetTickFreq) refers to stm32f1xx_hal.o(.data) for uwTickFreq
    stm32f1xx_hal.o(i.HAL_GetTickPrio) refers to stm32f1xx_hal.o(.data) for uwTickPrio
    stm32f1xx_hal.o(i.HAL_IncTick) refers to stm32f1xx_hal.o(.data) for uwTick
    stm32f1xx_hal.o(i.HAL_Init) refers to stm32f1xx_hal_cortex.o(i.HAL_NVIC_SetPriorityGrouping) for HAL_NVIC_SetPriorityGrouping
    stm32f1xx_hal.o(i.HAL_Init) refers to stm32f1xx_hal.o(i.HAL_InitTick) for HAL_InitTick
    stm32f1xx_hal.o(i.HAL_Init) refers to stm32f1xx_hal.o(i.HAL_MspInit) for HAL_MspInit
    stm32f1xx_hal.o(i.HAL_InitTick) refers to stm32f1xx_hal_cortex.o(i.HAL_SYSTICK_Config) for HAL_SYSTICK_Config
    stm32f1xx_hal.o(i.HAL_InitTick) refers to stm32f1xx_hal_cortex.o(i.HAL_NVIC_SetPriority) for HAL_NVIC_SetPriority
    stm32f1xx_hal.o(i.HAL_InitTick) refers to stm32f1xx_hal.o(.data) for uwTickFreq
    stm32f1xx_hal.o(i.HAL_InitTick) refers to system_stm32f1xx.o(.data) for SystemCoreClock
    stm32f1xx_hal.o(i.HAL_SetTickFreq) refers to stm32f1xx_hal.o(i.HAL_InitTick) for HAL_InitTick
    stm32f1xx_hal.o(i.HAL_SetTickFreq) refers to stm32f1xx_hal.o(.data) for uwTickFreq
    stm32f1xx_hal.o(.ARM.exidx) refers to stm32f1xx_hal.o(i.HAL_MspInit) for i.HAL_MspInit
    stm32f1xx_hal.o(.ARM.exidx) refers to stm32f1xx_hal.o(i.HAL_InitTick) for i.HAL_InitTick
    stm32f1xx_hal.o(.ARM.exidx) refers to stm32f1xx_hal.o(i.HAL_Init) for i.HAL_Init
    stm32f1xx_hal.o(.ARM.exidx) refers to stm32f1xx_hal.o(i.HAL_MspDeInit) for i.HAL_MspDeInit
    stm32f1xx_hal.o(.ARM.exidx) refers to stm32f1xx_hal.o(i.HAL_DeInit) for i.HAL_DeInit
    stm32f1xx_hal.o(.ARM.exidx) refers to stm32f1xx_hal.o(i.HAL_IncTick) for i.HAL_IncTick
    stm32f1xx_hal.o(.ARM.exidx) refers to stm32f1xx_hal.o(i.HAL_GetTick) for i.HAL_GetTick
    stm32f1xx_hal.o(.ARM.exidx) refers to stm32f1xx_hal.o(i.HAL_GetTickPrio) for i.HAL_GetTickPrio
    stm32f1xx_hal.o(.ARM.exidx) refers to stm32f1xx_hal.o(i.HAL_SetTickFreq) for i.HAL_SetTickFreq
    stm32f1xx_hal.o(.ARM.exidx) refers to stm32f1xx_hal.o(i.HAL_GetTickFreq) for i.HAL_GetTickFreq
    stm32f1xx_hal.o(.ARM.exidx) refers to stm32f1xx_hal.o(i.HAL_Delay) for i.HAL_Delay
    stm32f1xx_hal.o(.ARM.exidx) refers to stm32f1xx_hal.o(i.HAL_SuspendTick) for i.HAL_SuspendTick
    stm32f1xx_hal.o(.ARM.exidx) refers to stm32f1xx_hal.o(i.HAL_ResumeTick) for i.HAL_ResumeTick
    stm32f1xx_hal.o(.ARM.exidx) refers to stm32f1xx_hal.o(i.HAL_GetHalVersion) for i.HAL_GetHalVersion
    stm32f1xx_hal.o(.ARM.exidx) refers to stm32f1xx_hal.o(i.HAL_GetREVID) for i.HAL_GetREVID
    stm32f1xx_hal.o(.ARM.exidx) refers to stm32f1xx_hal.o(i.HAL_GetDEVID) for i.HAL_GetDEVID
    stm32f1xx_hal.o(.ARM.exidx) refers to stm32f1xx_hal.o(i.HAL_DBGMCU_EnableDBGSleepMode) for i.HAL_DBGMCU_EnableDBGSleepMode
    stm32f1xx_hal.o(.ARM.exidx) refers to stm32f1xx_hal.o(i.HAL_DBGMCU_DisableDBGSleepMode) for i.HAL_DBGMCU_DisableDBGSleepMode
    stm32f1xx_hal.o(.ARM.exidx) refers to stm32f1xx_hal.o(i.HAL_DBGMCU_EnableDBGStopMode) for i.HAL_DBGMCU_EnableDBGStopMode
    stm32f1xx_hal.o(.ARM.exidx) refers to stm32f1xx_hal.o(i.HAL_DBGMCU_DisableDBGStopMode) for i.HAL_DBGMCU_DisableDBGStopMode
    stm32f1xx_hal.o(.ARM.exidx) refers to stm32f1xx_hal.o(i.HAL_DBGMCU_EnableDBGStandbyMode) for i.HAL_DBGMCU_EnableDBGStandbyMode
    stm32f1xx_hal.o(.ARM.exidx) refers to stm32f1xx_hal.o(i.HAL_DBGMCU_DisableDBGStandbyMode) for i.HAL_DBGMCU_DisableDBGStandbyMode
    stm32f1xx_hal.o(.ARM.exidx) refers to stm32f1xx_hal.o(i.HAL_GetUID) for i.HAL_GetUID
    stm32f1xx_hal_rcc.o(i.HAL_RCC_ClockConfig) refers to stm32f1xx_hal.o(i.HAL_GetTick) for HAL_GetTick
    stm32f1xx_hal_rcc.o(i.HAL_RCC_ClockConfig) refers to stm32f1xx_hal_rcc.o(i.HAL_RCC_GetSysClockFreq) for HAL_RCC_GetSysClockFreq
    stm32f1xx_hal_rcc.o(i.HAL_RCC_ClockConfig) refers to stm32f1xx_hal.o(i.HAL_InitTick) for HAL_InitTick
    stm32f1xx_hal_rcc.o(i.HAL_RCC_ClockConfig) refers to system_stm32f1xx.o(.constdata) for AHBPrescTable
    stm32f1xx_hal_rcc.o(i.HAL_RCC_ClockConfig) refers to system_stm32f1xx.o(.data) for SystemCoreClock
    stm32f1xx_hal_rcc.o(i.HAL_RCC_DeInit) refers to stm32f1xx_hal.o(i.HAL_GetTick) for HAL_GetTick
    stm32f1xx_hal_rcc.o(i.HAL_RCC_DeInit) refers to stm32f1xx_hal.o(i.HAL_InitTick) for HAL_InitTick
    stm32f1xx_hal_rcc.o(i.HAL_RCC_DeInit) refers to system_stm32f1xx.o(.data) for SystemCoreClock
    stm32f1xx_hal_rcc.o(i.HAL_RCC_GetHCLKFreq) refers to system_stm32f1xx.o(.data) for SystemCoreClock
[...]
    _printf_sizespec                         0x00000000   Number         0  printf_stubs.o ABSOLUTE
    _printf_widthprec                        0x00000000   Number         0  printf_stubs.o ABSOLUTE
    __ARM_exceptions_init                     - Undefined Weak Reference
    __alloca_initialize                       - Undefined Weak Reference
    __arm_fini_                               - Undefined Weak Reference
    __arm_preinit_                            - Undefined Weak Reference
    __cxa_finalize                            - Undefined Weak Reference
    __sigvec_lookup                           - Undefined Weak Reference
    _atexit_init                              - Undefined Weak Reference
    _call_atexit_fns                          - Undefined Weak Reference
    _clock_init                               - Undefined Weak Reference
    _fp_trap_init                             - Undefined Weak Reference
    _fp_trap_shutdown                         - Undefined Weak Reference
    _get_lc_collate                           - Undefined Weak Reference
    _get_lc_monetary                          - Undefined Weak Reference
    _get_lc_time                              - Undefined Weak Reference
    _getenv_init                              - Undefined Weak Reference
    _handle_redirection                       - Undefined Weak Reference
    _init_alloc                               - Undefined Weak Reference
    _init_user_alloc                          - Undefined Weak Reference
    _initio                                   - Undefined Weak Reference
    _printf_fp_hex                            - Undefined Weak Reference
    _printf_mbtowc                            - Undefined Weak Reference
    _printf_wc                                - Undefined Weak Reference
    _rand_init                                - Undefined Weak Reference
    _signal_finish                            - Undefined Weak Reference
    _signal_init                              - Undefined Weak Reference
    _terminate_alloc                          - Undefined Weak Reference
    _terminate_user_alloc                     - Undefined Weak Reference
    _terminateio                              - Undefined Weak Reference
    __Vectors_Size                           0x000000ec   Number         0  startup_stm32f103xb.o ABSOLUTE
    __Vectors                                0x08000000   Data           4  startup_stm32f103xb.o(RESET)
    __Vectors_End                            0x080000ec   Data           0  startup_stm32f103xb.o(RESET)
    __main                                   0x080000ed   Thumb Code     8  __main.o(!!!main)
    __scatterload                            0x080000f5   Thumb Code     0  __scatter.o(!!!scatter)
    __scatterload_rt2                        0x080000f5   Thumb Code    44  __scatter.o(!!!scatter)
    __scatterload_rt2_thumb_only             0x080000f5   Thumb Code     0  __scatter.o(!!!scatter)
    __scatterload_null                       0x08000103   Thumb Code     0  __scatter.o(!!!scatter)
    __decompress                             0x08000129   Thumb Code    90  __dczerorl2.o(!!dczerorl2)
    __decompress1                            0x08000129   Thumb Code     0  __dczerorl2.o(!!dczerorl2)
    __scatterload_zeroinit                   0x08000185   Thumb Code    28  __scatter_zi.o(!!handler_zi)
    _printf_n                                0x080001a1   Thumb Code     0  _printf_n.o(.ARM.Collect$$_printf_percent$$00000001)
    _printf_percent                          0x080001a1   Thumb Code     0  _printf_percent.o(.ARM.Collect$$_printf_percent$$00000000)
    _printf_p                                0x080001a7   Thumb Code     0  _printf_p.o(.ARM.Collect$$_printf_percent$$00000002)
    _printf_f                                0x080001ad   Thumb Code     0  _printf_f.o(.ARM.Collect$$_printf_percent$$00000003)
    _printf_e                                0x080001b3   Thumb Code     0  _printf_e.o(.ARM.Collect$$_printf_percent$$00000004)
    _printf_g                                0x080001b9   Thumb Code     0  _printf_g.o(.ARM.Collect$$_printf_percent$$00000005)
    _printf_a                                0x080001bf   Thumb Code     0  _printf_a.o(.ARM.Collect$$_printf_percent$$00000006)
    _printf_ll                               0x080001c5   Thumb Code     0  _printf_ll.o(.ARM.Collect$$_printf_percent$$00000007)
    _printf_i                                0x080001cf   Thumb Code     0  _printf_i.o(.ARM.Collect$$_printf_percent$$00000008)
    _printf_d                                0x080001d5   Thumb Code     0  _printf_d.o(.ARM.Collect$$_printf_percent$$00000009)
    _printf_u                                0x080001db   Thumb Code     0  _printf_u.o(.ARM.Collect$$_printf_percent$$0000000A)
    _printf_o                                0x080001e1   Thumb Code     0  _printf_o.o(.ARM.Collect$$_printf_percent$$0000000B)
    _printf_x                                0x080001e7   Thumb Code     0  _printf_x.o(.ARM.Collect$$_printf_percent$$0000000C)
    _printf_lli                              0x080001ed   Thumb Code     0  _printf_lli.o(.ARM.Collect$$_printf_percent$$0000000D)
    _printf_lld                              0x080001f3   Thumb Code     0  _printf_lld.o(.ARM.Collect$$_printf_percent$$0000000E)
    _printf_llu                              0x080001f9   Thumb Code     0  _printf_llu.o(.ARM.Collect$$_printf_percent$$0000000F)
    _printf_llo                              0x080001ff   Thumb Code     0  _printf_llo.o(.ARM.Collect$$_printf_percent$$00000010)
    _printf_llx                              0x08000205   Thumb Code     0  _printf_llx.o(.ARM.Collect$$_printf_percent$$00000011)
    _printf_l                                0x0800020b   Thumb Code     0  _printf_l.o(.ARM.Collect$$_printf_percent$$00000012)
    _printf_c                                0x08000215   Thumb Code     0  _printf_c.o(.ARM.Collect$$_printf_percent$$00000013)
    _printf_s                                0x0800021b   Thumb Code     0  _printf_s.o(.ARM.Collect$$_printf_percent$$00000014)
    _printf_lc                               0x08000221   Thumb Code     0  _printf_lc.o(.ARM.Collect$$_printf_percent$$00000015)
    _printf_ls                               0x08000227   Thumb Code     0  _printf_ls.o(.ARM.Collect$$_printf_percent$$00000016)
    _printf_percent_end                      0x0800022d   Thumb Code     0  _printf_percent_end.o(.ARM.Collect$$_printf_percent$$00000017)
    __rt_lib_init                            0x08000231   Thumb Code     0  libinit.o(.ARM.Collect$$libinit$$00000000)
    __rt_lib_init_fp_1                       0x08000233   Thumb Code     0  libinit2.o(.ARM.Collect$$libinit$$00000002)
    __rt_lib_init_heap_1                     0x08000233   Thumb Code     0  libinit2.o(.ARM.Collect$$libinit$$0000000A)
    __rt_lib_init_lc_common                  0x08000233   Thumb Code     0  libinit2.o(.ARM.Collect$$libinit$$0000000F)
    __rt_lib_init_preinit_1                  0x08000233   Thumb Code     0  libinit2.o(.ARM.Collect$$libinit$$00000004)
    __rt_lib_init_rand_1                     0x08000233   Thumb Code     0  libinit2.o(.ARM.Collect$$libinit$$0000000E)
    __rt_lib_init_user_alloc_1               0x08000233   Thumb Code     0  libinit2.o(.ARM.Collect$$libinit$$0000000C)
    __rt_lib_init_lc_collate_1               0x08000239   Thumb Code     0  libinit2.o(.ARM.Collect$$libinit$$00000011)
    __rt_lib_init_lc_ctype_2                 0x08000239   Thumb Code     0  libinit2.o(.ARM.Collect$$libinit$$00000012)
    __rt_lib_init_lc_ctype_1                 0x08000245   Thumb Code     0  libinit2.o(.ARM.Collect$$libinit$$00000013)
    __rt_lib_init_lc_monetary_1              0x08000245   Thumb Code     0  libinit2.o(.ARM.Collect$$libinit$$00000015)
    __rt_lib_init_lc_numeric_2               0x08000245   Thumb Code     0  libinit2.o(.ARM.Collect$$libinit$$00000016)
    __rt_lib_init_alloca_1                   0x0800024f   Thumb Code     0  libinit2.o(.ARM.Collect$$libinit$$0000002E)
    __rt_lib_init_argv_1                     0x0800024f   Thumb Code     0  libinit2.o(.ARM.Collect$$libinit$$0000002C)
    __rt_lib_init_atexit_1                   0x0800024f   Thumb Code     0  libinit2.o(.ARM.Collect$$libinit$$0000001B)
    __rt_lib_init_clock_1                    0x0800024f   Thumb Code     0  libinit2.o(.ARM.Collect$$libinit$$00000021)
    __rt_lib_init_cpp_2                      0x0800024f   Thumb Code     0  libinit2.o(.ARM.Collect$$libinit$$00000031)
    __rt_lib_init_exceptions_1               0x0800024f   Thumb Code     0  libinit2.o(.ARM.Collect$$libinit$$00000030)
    __rt_lib_init_fp_trap_1                  0x0800024f   Thumb Code     0  libinit2.o(.ARM.Collect$$libinit$$0000001F)
    __rt_lib_init_getenv_1                   0x0800024f   Thumb Code     0  libinit2.o(.ARM.Collect$$libinit$$00000023)
    __rt_lib_init_lc_numeric_1               0x0800024f   Thumb Code     0  libinit2.o(.ARM.Collect$$libinit$$00000017)
    __rt_lib_init_lc_time_1                  0x0800024f   Thumb Code     0  libinit2.o(.ARM.Collect$$libinit$$00000019)
    __rt_lib_init_signal_1                   0x0800024f   Thumb Code     0  libinit2.o(.ARM.Collect$$libinit$$0000001D)
    __rt_lib_init_stdio_1                    0x0800024f   Thumb Code     0  libinit2.o(.ARM.Collect$$libinit$$00000025)
    __rt_lib_init_cpp_1                      0x08000253   Thumb Code     0  libinit2.o(.ARM.Collect$$libinit$$00000032)
    __rt_lib_init_return                     0x08000253   Thumb Code     0  libinit2.o(.ARM.Collect$$libinit$$00000033)
    __rt_lib_shutdown                        0x08000255   Thumb Code     0  libshutdown.o(.ARM.Collect$$libshutdown$$00000000)
    __rt_lib_shutdown_cpp_1                  0x08000257   Thumb Code     0  libshutdown2.o(.ARM.Collect$$libshutdown$$00000004)
    __rt_lib_shutdown_fini_1                 0x08000257   Thumb Code     0  libshutdown2.o(.ARM.Collect$$libshutdown$$00000002)
    __rt_lib_shutdown_fp_trap_1              0x08000257   Thumb Code     0  libshutdown2.o(.ARM.Collect$$libshutdown$$00000009)
    __rt_lib_shutdown_heap_1                 0x08000257   Thumb Code     0  libshutdown2.o(.ARM.Collect$$libshutdown$$00000011)
    __rt_lib_shutdown_return                 0x08000257   Thumb Code     0  libshutdown2.o(.ARM.Collect$$libshutdown$$00000012)
    __rt_lib_shutdown_signal_1               0x08000257   Thumb Code     0  libshutdown2.o(.ARM.Collect$$libshutdown$$0000000C)
    __rt_lib_shutdown_stdio_1                0x08000257   Thumb Code     0  libshutdown2.o(.ARM.Collect$$libshutdown$$00000006)
    __rt_lib_shutdown_user_alloc_1           0x08000257   Thumb Code     0  libshutdown2.o(.ARM.Collect$$libshutdown$$0000000E)
    __rt_entry                               0x08000259   Thumb Code     0  __rtentry.o(.ARM.Collect$$rtentry$$00000000)
    __rt_entry_presh_1                       0x08000259   Thumb Code     0  __rtentry2.o(.ARM.Collect$$rtentry$$00000002)
    __rt_entry_sh                            0x08000259   Thumb Code     0  __rtentry4.o(.ARM.Collect$$rtentry$$00000004)
    __rt_entry_li                            0x0800025f   Thumb Code     0  __rtentry2.o(.ARM.Collect$$rtentry$$0000000A)
    __rt_entry_postsh_1                      0x0800025f   Thumb Code     0  __rtentry2.o(.ARM.Collect$$rtentry$$00000009)
    __rt_entry_main                          0x08000263   Thumb Code     0  __rtentry2.o(.ARM.Collect$$rtentry$$0000000D)
    __rt_entry_postli_1                      0x08000263   Thumb Code     0  __rtentry2.o(.ARM.Collect$$rtentry$$0000000C)
    __rt_exit                                0x0800026b   Thumb Code     0  rtexit.o(.ARM.Collect$$rtexit$$00000000)
    __rt_exit_ls                             0x0800026d   Thumb Code     0  rtexit2.o(.ARM.Collect$$rtexit$$00000003)
    __rt_exit_prels_1                        0x0800026d   Thumb Code     0  rtexit2.o(.ARM.Collect$$rtexit$$00000002)
    __rt_exit_exit                           0x08000271   Thumb Code     0  rtexit2.o(.ARM.Collect$$rtexit$$00000004)
    Reset_Handler                            0x08000279   Thumb Code     8  startup_stm32f103xb.o(.text)
    ADC1_2_IRQHandler                        0x08000293   Thumb Code     0  startup_stm32f103xb.o(.text)
    CAN1_RX1_IRQHandler                      0x08000293   Thumb Code     0  startup_stm32f103xb.o(.text)
    CAN1_SCE_IRQHandler                      0x08000293   Thumb Code     0  startup_stm32f103xb.o(.text)
    DMA1_Channel1_IRQHandler                 0x08000293   Thumb Code     0  startup_stm32f103xb.o(.text)
    DMA1_Channel2_IRQHandler                 0x08000293   Thumb Code     0  startup_stm32f103xb.o(.text)
    DMA1_Channel3_IRQHandler                 0x08000293   Thumb Code     0  startup_stm32f103xb.o(.text)
    DMA1_Channel4_IRQHandler                 0x08000293   Thumb Code     0  startup_stm32f103xb.o(.text)
    DMA1_Channel5_IRQHandler                 0x08000293   Thumb Code     0  startup_stm32f103xb.o(.text)
    DMA1_Channel6_IRQHandler                 0x08000293   Thumb Code     0  startup_stm32f103xb.o(.text)
    DMA1_Channel7_IRQHandler                 0x08000293   Thumb Code     0  startup_stm32f103xb.o(.text)
    EXTI0_IRQHandler                         0x08000293   Thumb Code     0  startup_stm32f103xb.o(.text)
    EXTI15_10_IRQHandler                     0x08000293   Thumb Code     0  startup_stm32f103xb.o(.text)
    EXTI1_IRQHandler                         0x08000293   Thumb Code     0  startup_stm32f103xb.o(.text)
    EXTI2_IRQHandler                         0x08000293   Thumb Code     0  startup_stm32f103xb.o(.text)
    EXTI3_IRQHandler                         0x08000293   Thumb Code     0  startup_stm32f103xb.o(.text)
    EXTI4_IRQHandler                         0x08000293   Thumb Code     0  startup_stm32f103xb.o(.text)
    EXTI9_5_IRQHandler                       0x08000293   Thumb Code     0  startup_stm32f103xb.o(.text)
    FLASH_IRQHandler                         0x08000293   Thumb Code     0  startup_stm32f103xb.o(.text)
    I2C1_ER_IRQHandler                       0x08000293   Thumb Code     0  startup_stm32f103xb.o(.text)
    I2C1_EV_IRQHandler                       0x08000293   Thumb Code     0  startup_stm32f103xb.o(.text)
    I2C2_ER_IRQHandler                       0x08000293   Thumb Code     0  startup_stm32f103xb.o(.text)
    I2C2_EV_IRQHandler                       0x08000293   Thumb Code     0  startup_stm32f103xb.o(.text)
    PVD_IRQHandler                           0x08000293   Thumb Code     0  startup_stm32f103xb.o(.text)
    RCC_IRQHandler                           0x08000293   Thumb Code     0  startup_stm32f103xb.o(.text)
    RTC_Alarm_IRQHandler                     0x08000293   Thumb Code     0  startup_stm32f103xb.o(.text)
    RTC_IRQHandler                           0x08000293   Thumb Code     0  startup_stm32f103xb.o(.text)
    SPI1_IRQHandler                          0x08000293   Thumb Code     0  startup_stm32f103xb.o(.text)
    SPI2_IRQHandler                          0x08000293   Thumb Code     0  startup_stm32f103xb.o(.text)
    TAMPER_IRQHandler                        0x08000293   Thumb Code     0  startup_stm32f103xb.o(.text)
    TIM1_BRK_IRQHandler                      0x08000293   Thumb Code     0  startup_stm32f103xb.o(.text)
    TIM1_CC_IRQHandler                       0x08000293   Thumb Code     0  startup_stm32f103xb.o(.text)
    TIM1_TRG_COM_IRQHandler                  0x08000293   Thumb Code     0  startup_stm32f103xb.o(.text)
    TIM1_UP_IRQHandler                       0x08000293   Thumb Code     0  startup_stm32f103xb.o(.text)
    TIM2_IRQHandler                          0x08000293   Thumb Code     0  startup_stm32f103xb.o(.text)
    TIM3_IRQHandler                          0x08000293   Thumb Code     0  startup_stm32f103xb.o(.text)
    TIM4_IRQHandler                          0x08000293   Thumb Code     0  startup_stm32f103xb.o(.text)
    USART1_IRQHandler                        0x08000293   Thumb Code     0  startup_stm32f103xb.o(.text)
    USART2_IRQHandler                        0x08000293   Thumb Code     0  startup_stm32f103xb.o(.text)
    USART3_IRQHandler                        0x08000293   Thumb Code     0  startup_stm32f103xb.o(.text)
    USBWakeUp_IRQHandler                     0x08000293   Thumb Code     0  startup_stm32f103xb.o(.text)
    USB_HP_CAN1_TX_IRQHandler                0x08000293   Thumb Code     0  startup_stm32f103xb.o(.text)
    WWDG_IRQHandler                          0x08000293   Thumb Code     0  startup_stm32f103xb.o(.text)
    __user_initial_stackheap                 0x08000295   Thumb Code     0  startup_stm32f103xb.o(.text)
    __c89vsprintf                            0x080002b9   Thumb Code    32  c89vsprintf.o(.text)
    strlen                                   0x080002dd   Thumb Code    62  strlen.o(.text)
    __aeabi_memcpy4                          0x0800031b   Thumb Code     0  rt_memcpy_w.o(.text)
    __aeabi_memcpy8                          0x0800031b   Thumb Code     0  rt_memcpy_w.o(.text)
    __rt_memcpy_w                            0x0800031b   Thumb Code   100  rt_memcpy_w.o(.text)
    _memcpy_lastbytes_aligned                0x08000363   Thumb Code     0  rt_memcpy_w.o(.text)
    __aeabi_memclr4                          0x0800037f   Thumb Code     0  rt_memclr_w.o(.text)
    __aeabi_memclr8                          0x0800037f   Thumb Code     0  rt_memclr_w.o(.text)
    __rt_memclr_w                            0x0800037f   Thumb Code    78  rt_memclr_w.o(.text)
    _memset_w                                0x08000383   Thumb Code     0  rt_memclr_w.o(.text)
    __use_two_region_memory                  0x080003cd   Thumb Code     2  heapauxi.o(.text)
    __rt_heap_escrow$2region                 0x080003cf   Thumb Code     2  heapauxi.o(.text)
    __rt_heap_expand$2region                 0x080003d1   Thumb Code     2  heapauxi.o(.text)
    __cpp_initialize__aeabi_                 0x080003d5   Thumb Code    26  init_aeabi.o(.text)
    _printf_pre_padding                      0x080003f9   Thumb Code    44  _printf_pad.o(.text)
    _printf_post_padding                     0x08000425   Thumb Code    34  _printf_pad.o(.text)
    _printf_truncate_signed                  0x08000447   Thumb Code    18  _printf_truncate.o(.text)
    _printf_truncate_unsigned                0x08000459   Thumb Code    18  _printf_truncate.o(.text)
    _printf_str                              0x0800046b   Thumb Code    82  _printf_str.o(.text)
    _printf_int_dec                          0x080004bd   Thumb Code   104  _printf_dec.o(.text)
    _printf_charcount                        0x08000535   Thumb Code    40  _printf_charcount.o(.text)
    _printf_char_common                      0x08000567   Thumb Code    32  _printf_char_common.o(.text)
    _sputc                                   0x0800058d   Thumb Code    10  _sputc.o(.text)
    _printf_wctomb                           0x08000599   Thumb Code   182  _printf_wctomb.o(.text)
    _printf_longlong_dec                     0x08000655   Thumb Code   108  _printf_longlong_dec.o(.text)
    _printf_longlong_oct                     0x080006d1   Thumb Code    66  _printf_oct_int_ll.o(.text)
    _printf_int_oct                          0x08000713   Thumb Code    24  _printf_oct_int_ll.o(.text)
    _printf_ll_oct                           0x0800072b   Thumb Code    12  _printf_oct_int_ll.o(.text)
    _printf_longlong_hex                     0x08000741   Thumb Code    86  _printf_hex_int_ll_ptr.o(.text)
    _printf_int_hex                          0x08000797   Thumb Code    28  _printf_hex_int_ll_ptr.o(.text)
    _printf_ll_hex                           0x080007b3   Thumb Code    12  _printf_hex_int_ll_ptr.o(.text)
    _printf_hex_ptr                          0x080007bf   Thumb Code    18  _printf_hex_int_ll_ptr.o(.text)
    __printf                                 0x080007d5   Thumb Code   388  __printf_flags_ss_wp.o(.text)
    _ll_udiv10                               0x0800095d   Thumb Code   138  lludiv10.o(.text)
    _printf_int_common                       0x080009e7   Thumb Code   178  _printf_intcommon.o(.text)
    __lib_sel_fp_printf                      0x08000a99   Thumb Code     2  _printf_fp_dec.o(.text)
    _printf_fp_dec_real                      0x08000c4b   Thumb Code   620  _printf_fp_dec.o(.text)
    _printf_cs_common                        0x08000eb7   Thumb Code    20  _printf_char.o(.text)
    _printf_char                             0x08000ecb   Thumb Code    16  _printf_char.o(.text)
    _printf_string                           0x08000edb   Thumb Code     8  _printf_char.o(.text)
    _printf_lcs_common                       0x08000ee3   Thumb Code    20  _printf_wchar.o(.text)
    _printf_wchar                            0x08000ef7   Thumb Code    16  _printf_wchar.o(.text)
    _printf_wstring                          0x08000f07   Thumb Code     8  _printf_wchar.o(.text)
    _wcrtomb                                 0x08000f0f   Thumb Code    64  _wcrtomb.o(.text)
    __user_setup_stackheap                   0x08000f4f   Thumb Code    74  sys_stackheap_outer.o(.text)
    __rt_ctype_table                         0x08000f99   Thumb Code    16  rt_ctype_table.o(.text)
    __rt_locale                              0x08000fa9   Thumb Code     8  rt_locale_intlibspace.o(.text)
    _printf_fp_infnan                        0x08000fb1   Thumb Code   112  _printf_fp_infnan.o(.text)
    _btod_etento                             0x08001031   Thumb Code   224  bigflt0.o(.text)
    exit                                     0x08001115   Thumb Code    18  exit.o(.text)
    __user_libspace                          0x08001129   Thumb Code     8  libspace.o(.text)
    __user_perproc_libspace                  0x08001129   Thumb Code     0  libspace.o(.text)
    __user_perthread_libspace                0x08001129   Thumb Code     0  libspace.o(.text)
    strcmp                                   0x08001131   Thumb Code   128  strcmpv7m.o(.text)
    __I$use$semihosting                      0x080011b1   Thumb Code     0  use_no_semi.o(.text)
    __use_no_semihosting_swi                 0x080011b1   Thumb Code     2  use_no_semi.o(.text)
    __semihosting_library_function           0x080011b3   Thumb Code     0  indicate_semi.o(.text)
    _sys_exit                                0x080011b5   Thumb Code     8  sys_exit.o(.text)
    _btod_d2e                                0x080011c1   Thumb Code    62  btod.o(CL$$btod_d2e)
    _d2e_denorm_low                          0x080011ff   Thumb Code    70  btod.o(CL$$btod_d2e_denorm_low)
    _d2e_norm_op1                            0x08001245   Thumb Code    96  btod.o(CL$$btod_d2e_norm_op1)
    __btod_div_common                        0x080012a5   Thumb Code   696  btod.o(CL$$btod_div_common)
    _e2e                                     0x080015dd   Thumb Code   220  btod.o(CL$$btod_e2e)
    _btod_ediv                               0x080016b9   Thumb Code    42  btod.o(CL$$btod_ediv)
    _btod_emul                               0x080016e3   Thumb Code    42  btod.o(CL$$btod_emul)
    __btod_mult_common                       0x0800170d   Thumb Code   580  btod.o(CL$$btod_mult_common)
    BusFault_Handler                         0x08001951   Thumb Code     4  hal_it.o(i.BusFault_Handler)
    DebugMon_Handler                         0x08001955   Thumb Code     2  hal_it.o(i.DebugMon_Handler)
    HAL_Delay                                0x08001959   Thumb Code    36  stm32f1xx_hal.o(i.HAL_Delay)
    HAL_GPIO_Init                            0x08001981   Thumb Code   762  stm32f1xx_hal_gpio.o(i.HAL_GPIO_Init)
    HAL_GPIO_ReadPin                         0x08001c9d   Thumb Code    16  stm32f1xx_hal_gpio.o(i.HAL_GPIO_ReadPin)
    HAL_GPIO_WritePin                        0x08001cad   Thumb Code    12  stm32f1xx_hal_gpio.o(i.HAL_GPIO_WritePin)
    HAL_GetTick                              0x08001cb9   Thumb Code     6  stm32f1xx_hal.o(i.HAL_GetTick)
    HAL_I2C_Init                             0x08001cc5   Thumb Code   362  stm32f1xx_hal_i2c.o(i.HAL_I2C_Init)
    HAL_I2C_MspInit                          0x08001e41   Thumb Code    68  hal_i2c.o(i.HAL_I2C_MspInit)
    HAL_IncTick                              0x08001e91   Thumb Code    16  stm32f1xx_hal.o(i.HAL_IncTick)
    HAL_Init                                 0x08001ea9   Thumb Code    34  stm32f1xx_hal.o(i.HAL_Init)
    HAL_InitTick                             0x08001ed1   Thumb Code    64  stm32f1xx_hal.o(i.HAL_InitTick)
    HAL_MspInit                              0x08001f1d   Thumb Code     2  stm32f1xx_hal.o(i.HAL_MspInit)
    HAL_NVIC_EnableIRQ                       0x08001f1f   Thumb Code    32  stm32f1xx_hal_cortex.o(i.HAL_NVIC_EnableIRQ)
    HAL_NVIC_SetPriority                     0x08001f3f   Thumb Code   124  stm32f1xx_hal_cortex.o(i.HAL_NVIC_SetPriority)
    HAL_NVIC_SetPriorityGrouping             0x08001fbd   Thumb Code    32  stm32f1xx_hal_cortex.o(i.HAL_NVIC_SetPriorityGrouping)
    HAL_PCDEx_PMAConfig                      0x08001fe5   Thumb Code    62  stm32f1xx_hal_pcd_ex.o(i.HAL_PCDEx_PMAConfig)
    HAL_PCDEx_SetConnectionState             0x08002023   Thumb Code     2  usbd_conf.o(i.HAL_PCDEx_SetConnectionState)
    HAL_PCD_DataInStageCallback              0x08002025   Thumb Code    28  usbd_conf.o(i.HAL_PCD_DataInStageCallback)
    HAL_PCD_DataOutStageCallback             0x08002041   Thumb Code    28  usbd_conf.o(i.HAL_PCD_DataOutStageCallback)
    HAL_PCD_EP_Close                         0x0800205d   Thumb Code   100  stm32f1xx_hal_pcd.o(i.HAL_PCD_EP_Close)
    HAL_PCD_EP_ClrStall                      0x080020c1   Thumb Code    98  stm32f1xx_hal_pcd.o(i.HAL_PCD_EP_ClrStall)
    HAL_PCD_EP_GetRxCount                    0x08002123   Thumb Code    20  stm32f1xx_hal_pcd.o(i.HAL_PCD_EP_GetRxCount)
    HAL_PCD_EP_Open                          0x08002137   Thumb Code   118  stm32f1xx_hal_pcd.o(i.HAL_PCD_EP_Open)
    HAL_PCD_EP_Receive                       0x080021ad   Thumb Code    74  stm32f1xx_hal_pcd.o(i.HAL_PCD_EP_Receive)
    HAL_PCD_EP_SetStall                      0x080021f7   Thumb Code   114  stm32f1xx_hal_pcd.o(i.HAL_PCD_EP_SetStall)
    HAL_PCD_EP_Transmit                      0x08002269   Thumb Code    76  stm32f1xx_hal_pcd.o(i.HAL_PCD_EP_Transmit)
    HAL_PCD_IRQHandler                       0x080022b5   Thumb Code   360  stm32f1xx_hal_pcd.o(i.HAL_PCD_IRQHandler)
    HAL_PCD_Init                             0x0800241d   Thumb Code   282  stm32f1xx_hal_pcd.o(i.HAL_PCD_Init)
    HAL_PCD_MspInit                          0x08002539   Thumb Code    56  usbd_conf.o(i.HAL_PCD_MspInit)
    HAL_PCD_ResetCallback                    0x08002579   Thumb Code    26  usbd_conf.o(i.HAL_PCD_ResetCallback)
    HAL_PCD_ResumeCallback                   0x08002593   Thumb Code    14  usbd_conf.o(i.HAL_PCD_ResumeCallback)
    HAL_PCD_SOFCallback                      0x080025a1   Thumb Code    14  usbd_conf.o(i.HAL_PCD_SOFCallback)
    HAL_PCD_SetAddress                       0x080025af   Thumb Code    54  stm32f1xx_hal_pcd.o(i.HAL_PCD_SetAddress)
    HAL_PCD_SetupStageCallback               0x080025e5   Thumb Code    18  usbd_conf.o(i.HAL_PCD_SetupStageCallback)
    HAL_PCD_Start                            0x080025f7   Thumb Code    60  stm32f1xx_hal_pcd.o(i.HAL_PCD_Start)
    HAL_PCD_SuspendCallback                  0x08002635   Thumb Code    30  usbd_conf.o(i.HAL_PCD_SuspendCallback)
    HAL_RCCEx_PeriphCLKConfig                0x08002659   Thumb Code   288  stm32f1xx_hal_rcc_ex.o(i.HAL_RCCEx_PeriphCLKConfig)
    HAL_RCC_ClockConfig                      0x08002785   Thumb Code   446  stm32f1xx_hal_rcc.o(i.HAL_RCC_ClockConfig)
    HAL_RCC_GetHCLKFreq                      0x08002955   Thumb Code     6  stm32f1xx_hal_rcc.o(i.HAL_RCC_GetHCLKFreq)
    HAL_RCC_GetPCLK1Freq                     0x08002961   Thumb Code    22  stm32f1xx_hal_rcc.o(i.HAL_RCC_GetPCLK1Freq)
    HAL_RCC_GetSysClockFreq                  0x08002981   Thumb Code   116  stm32f1xx_hal_rcc.o(i.HAL_RCC_GetSysClockFreq)
    HAL_RCC_OscConfig                        0x08002a15   Thumb Code  1074  stm32f1xx_hal_rcc.o(i.HAL_RCC_OscConfig)
    HAL_SYSTICK_Config                       0x08002e51   Thumb Code    52  stm32f1xx_hal_cortex.o(i.HAL_SYSTICK_Config)
    HardFault_Handler                        0x08002e85   Thumb Code     4  hal_it.o(i.HardFault_Handler)
    MemManage_Handler                        0x08002e89   Thumb Code     4  hal_it.o(i.MemManage_Handler)
    NMI_Handler                              0x08002e8d   Thumb Code     2  hal_it.o(i.NMI_Handler)
    PendSV_Handler                           0x08002e8f   Thumb Code     2  hal_it.o(i.PendSV_Handler)
    SVC_Handler                              0x08002e91   Thumb Code     2  hal_it.o(i.SVC_Handler)
    SysTick_Handler                          0x08002e93   Thumb Code     8  hal_it.o(i.SysTick_Handler)
    SystemInit                               0x08002e9d   Thumb Code    70  system_stm32f1xx.o(i.SystemInit)
    USBD_CDC_ReceivePacket                   0x08002ef5   Thumb Code    58  usbd_cdc.o(i.USBD_CDC_ReceivePacket)
    USBD_CDC_RegisterInterface               0x08002f2f   Thumb Code    14  usbd_cdc.o(i.USBD_CDC_RegisterInterface)
    USBD_CDC_SetRxBuffer                     0x08002f3d   Thumb Code    14  usbd_cdc.o(i.USBD_CDC_SetRxBuffer)
    USBD_CDC_SetTxBuffer                     0x08002f4b   Thumb Code    20  usbd_cdc.o(i.USBD_CDC_SetTxBuffer)
    USBD_CDC_TransmitPacket                  0x08002f5f   Thumb Code    56  usbd_cdc.o(i.USBD_CDC_TransmitPacket)
    USBD_ClrClassConfig                      0x08002f97   Thumb Code    22  usbd_core.o(i.USBD_ClrClassConfig)
    USBD_CtlContinueRx                       0x08002fad   Thumb Code    24  usbd_ioreq.o(i.USBD_CtlContinueRx)
    USBD_CtlContinueSendData                 0x08002fc5   Thumb Code    24  usbd_ioreq.o(i.USBD_CtlContinueSendData)
    USBD_CtlError                            0x08002fdd   Thumb Code    24  usbd_ctlreq.o(i.USBD_CtlError)
    USBD_CtlPrepareRx                        0x08002ff5   Thumb Code    40  usbd_ioreq.o(i.USBD_CtlPrepareRx)
    USBD_CtlReceiveStatus                    0x0800301d   Thumb Code    26  usbd_ioreq.o(i.USBD_CtlReceiveStatus)
    USBD_CtlSendData                         0x08003037   Thumb Code    34  usbd_ioreq.o(i.USBD_CtlSendData)
    USBD_CtlSendStatus                       0x08003059   Thumb Code    26  usbd_ioreq.o(i.USBD_CtlSendStatus)
    USBD_GetString                           0x08003073   Thumb Code    82  usbd_ctlreq.o(i.USBD_GetString)
    USBD_Init                                0x080030c5   Thumb Code    50  usbd_core.o(i.USBD_Init)
    USBD_LL_ClearStallEP                     0x080030f7   Thumb Code    38  usbd_conf.o(i.USBD_LL_ClearStallEP)
    USBD_LL_CloseEP                          0x0800311d   Thumb Code    38  usbd_conf.o(i.USBD_LL_CloseEP)
    USBD_LL_DataInStage                      0x08003143   Thumb Code   218  usbd_core.o(i.USBD_LL_DataInStage)
    USBD_LL_DataOutStage                     0x0800321d   Thumb Code   134  usbd_core.o(i.USBD_LL_DataOutStage)
    USBD_LL_GetRxDataSize                    0x080032a3   Thumb Code    18  usbd_conf.o(i.USBD_LL_GetRxDataSize)
    USBD_LL_Init                             0x080032b5   Thumb Code   116  usbd_conf.o(i.USBD_LL_Init)
    USBD_LL_IsStallEP                        0x08003331   Thumb Code    48  usbd_conf.o(i.USBD_LL_IsStallEP)
    USBD_LL_OpenEP                           0x08003361   Thumb Code    48  usbd_conf.o(i.USBD_LL_OpenEP)
    USBD_LL_PrepareReceive                   0x08003391   Thumb Code    48  usbd_conf.o(i.USBD_LL_PrepareReceive)
    USBD_LL_Reset                            0x080033c1   Thumb Code    68  usbd_core.o(i.USBD_LL_Reset)
    USBD_LL_Resume                           0x08003405   Thumb Code    14  usbd_core.o(i.USBD_LL_Resume)
    USBD_LL_SOF                              0x08003413   Thumb Code    34  usbd_core.o(i.USBD_LL_SOF)
    USBD_LL_SetSpeed                         0x08003435   Thumb Code     8  usbd_core.o(i.USBD_LL_SetSpeed)
    USBD_LL_SetUSBAddress                    0x0800343d   Thumb Code    38  usbd_conf.o(i.USBD_LL_SetUSBAddress)
    USBD_LL_SetupStage                       0x08003463   Thumb Code   110  usbd_core.o(i.USBD_LL_SetupStage)
    USBD_LL_StallEP                          0x080034d1   Thumb Code    38  usbd_conf.o(i.USBD_LL_StallEP)
    USBD_LL_Start                            0x080034f7   Thumb Code    30  usbd_conf.o(i.USBD_LL_Start)
    USBD_LL_Suspend                          0x08003515   Thumb Code    20  usbd_core.o(i.USBD_LL_Suspend)
    USBD_LL_Transmit                         0x08003529   Thumb Code    48  usbd_conf.o(i.USBD_LL_Transmit)
    USBD_ParseSetupRequest                   0x08003559   Thumb Code    40  usbd_ctlreq.o(i.USBD_ParseSetupRequest)
    USBD_RegisterClass                       0x08003581   Thumb Code    16  usbd_core.o(i.USBD_RegisterClass)
    USBD_RunTestMode                         0x08003591   Thumb Code     6  usbd_core.o(i.USBD_RunTestMode)
    USBD_SetClassConfig                      0x08003597   Thumb Code    34  usbd_core.o(i.USBD_SetClassConfig)
    USBD_Start                               0x080035b9   Thumb Code    14  usbd_core.o(i.USBD_Start)
    USBD_StdDevReq                           0x080035c7   Thumb Code   114  usbd_ctlreq.o(i.USBD_StdDevReq)
    USBD_StdEPReq                            0x08003639   Thumb Code   342  usbd_ctlreq.o(i.USBD_StdEPReq)
    USBD_StdItfReq                           0x0800378f   Thumb Code    74  usbd_ctlreq.o(i.USBD_StdItfReq)
    USBD_static_free                         0x080037d9   Thumb Code     2  usbd_conf.o(i.USBD_static_free)
    USBD_static_malloc                       0x080037dd   Thumb Code     6  usbd_conf.o(i.USBD_static_malloc)
    USB_ActivateEndpoint                     0x080037e9   Thumb Code   938  stm32f1xx_ll_usb.o(i.USB_ActivateEndpoint)
    USB_CoreInit                             0x08003b93   Thumb Code     8  stm32f1xx_ll_usb.o(i.USB_CoreInit)
    USB_DeactivateEndpoint                   0x08003b9b   Thumb Code   532  stm32f1xx_ll_usb.o(i.USB_DeactivateEndpoint)
    USB_DevConnect                           0x08003daf   Thumb Code     6  stm32f1xx_ll_usb.o(i.USB_DevConnect)
    USB_DevDisconnect                        0x08003db5   Thumb Code     6  stm32f1xx_ll_usb.o(i.USB_DevDisconnect)
    USB_DevInit                              0x08003dbb   Thumb Code    30  stm32f1xx_ll_usb.o(i.USB_DevInit)
    USB_DisableGlobalInt                     0x08003dd9   Thumb Code    22  stm32f1xx_ll_usb.o(i.USB_DisableGlobalInt)
    USB_EP0_OutStart                         0x08003def   Thumb Code     6  stm32f1xx_ll_usb.o(i.USB_EP0_OutStart)
    USB_EPClearStall                         0x08003df5   Thumb Code   180  stm32f1xx_ll_usb.o(i.USB_EPClearStall)
    USB_EPSetStall                           0x08003ea9   Thumb Code   134  stm32f1xx_ll_usb.o(i.USB_EPSetStall)
    USB_EPStartXfer                          0x08003f2f   Thumb Code   818  stm32f1xx_ll_usb.o(i.USB_EPStartXfer)
    USB_EnableGlobalInt                      0x08004261   Thumb Code    22  stm32f1xx_ll_usb.o(i.USB_EnableGlobalInt)
    USB_LP_CAN1_RX0_IRQHandler               0x08004277   Thumb Code     8  hal_it.o(i.USB_LP_CAN1_RX0_IRQHandler)
    USB_ReadInterrupts                       0x0800427f   Thumb Code    10  stm32f1xx_ll_usb.o(i.USB_ReadInterrupts)
    USB_ReadPMA                              0x08004289   Thumb Code    40  stm32f1xx_ll_usb.o(i.USB_ReadPMA)
    USB_SetCurrentMode                       0x080042b1   Thumb Code     6  stm32f1xx_ll_usb.o(i.USB_SetCurrentMode)
    USB_SetDevAddress                        0x080042b7   Thumb Code    14  stm32f1xx_ll_usb.o(i.USB_SetDevAddress)
    USB_WritePMA                             0x080042c5   Thumb Code    66  stm32f1xx_ll_usb.o(i.USB_WritePMA)
    UsageFault_Handler                       0x08004307   Thumb Code     4  hal_it.o(i.UsageFault_Handler)
    USBD_FS_DeviceDescriptor(USBD_SpeedTypeDef, unsigned short*) 0x08004eb9   Thumb Code    10  usbd_desc.o(i._Z24USBD_FS_DeviceDescriptor17USBD_SpeedTypeDefPt)
    USBD_FS_ConfigStrDescriptor(USBD_SpeedTypeDef, unsigned short*) 0x08004ed9   Thumb Code    34  usbd_desc.o(i._Z27USBD_FS_ConfigStrDescriptor17USBD_SpeedTypeDefPt)
    USBD_FS_LangIDStrDescriptor(USBD_SpeedTypeDef, unsigned short*) 0x08004f0d   Thumb Code    10  usbd_desc.o(i._Z27USBD_FS_LangIDStrDescriptor17USBD_SpeedTypeDefPt)
    USBD_FS_SerialStrDescriptor(USBD_SpeedTypeDef, unsigned short*) 0x08004f1d   Thumb Code    18  usbd_desc.o(i._Z27USBD_FS_SerialStrDescriptor17USBD_SpeedTypeDefPt)
    USBD_FS_ProductStrDescriptor(USBD_SpeedTypeDef, unsigned short*) 0x08004f35   Thumb Code    20  usbd_desc.o(i._Z28USBD_FS_ProductStrDescriptor17USBD_SpeedTypeDefPt)
    USBD_FS_InterfaceStrDescriptor(USBD_SpeedTypeDef, unsigned short*) 0x08004f75   Thumb Code    34  usbd_desc.o(i._Z30USBD_FS_InterfaceStrDescriptor17USBD_SpeedTypeDefPt)
    USBD_FS_ManufacturerStrDescriptor(USBD_SpeedTypeDef, unsigned short*) 0x08004fad   Thumb Code    20  usbd_desc.o(i._Z33USBD_FS_ManufacturerStrDescriptor17USBD_SpeedTypeDefPt)
    USBD_CDC_GetDeviceQualifierDescriptor(unsigned short*) 0x08004fd9   Thumb Code    10  usbd_cdc.o(i._Z37USBD_CDC_GetDeviceQualifierDescriptorPt)
    TimeMeterMS::ElapsedTime()               0x08005011   Thumb Code    14  timer.o(i._ZN11TimeMeterMS11ElapsedTimeEv)
    TimeMeterMS::Reset()                     0x0800501f   Thumb Code    16  timer.o(i._ZN11TimeMeterMS5ResetEv)
    TimeMeterMS::TimeMeterMS()               0x0800502f   Thumb Code    14  timer.o(i._ZN11TimeMeterMSC1Ev)
    TimeMeterMS::TimeMeterMS__sub_object()   0x0800502f   Thumb Code     0  timer.o(i._ZN11TimeMeterMSC1Ev)
    ADC::GetVoltage()                        0x0800503d   Thumb Code    30  adc.o(i._ZN3ADC10GetVoltageEv)
    ADC::Init()                              0x0800505d   Thumb Code   172  adc.o(i._ZN3ADC4InitEv)
    ADC::Delay()                             0x08005115   Thumb Code    22  adc.o(i._ZN3ADC5DelayEv)
    ADC::ReadByte()                          0x0800512d   Thumb Code    68  adc.o(i._ZN3ADC8ReadByteEv)
    ADC::DataReady()                         0x08005179   Thumb Code    20  adc.o(i._ZN3ADC9DataReadyEv)
    ADC::WriteByte(unsigned char)            0x08005191   Thumb Code    88  adc.o(i._ZN3ADC9WriteByteEh)
    CDC::OnIRQHandler()                      0x080051ed   Thumb Code    10  cdc.o(i._ZN3CDC12OnIRQHandlerEv)
    CDC::Init()                              0x080051fd   Thumb Code    36  cdc.o(i._ZN3CDC4InitEv)
    CDC::Transmit(const void*, int)          0x08005231   Thumb Code    56  cdc.o(i._ZN3CDC8TransmitEPKvi)
    CDC::Transmit(char*, ...)                0x0800526d   Thumb Code    56  cdc.o(i._ZN3CDC8TransmitEPcz)
    HAL::Init()                              0x080052a5   Thumb Code   142  hal.o(i._ZN3HAL4InitEv)
    Timer::CurrentTime()                     0x08005339   Thumb Code     8  timer.o(i._ZN5Timer11CurrentTimeEv)
    Timer::Delay(unsigned)                   0x08005341   Thumb Code    12  timer.o(i._ZN5Timer5DelayEj)
    Device::Init()                           0x0800534d   Thumb Code    20  device.o(i._ZN6Device4InitEv)
    Device::Update()                         0x08005361   Thumb Code    64  device.o(i._ZN6Device6UpdateEv)
    Barrier::TimeElapsed()                   0x080053b1   Thumb Code    10  barrier.o(i._ZN7Barrier11TimeElapsedEv)
    Barrier::Init()                          0x080053c1   Thumb Code    46  barrier.o(i._ZN7Barrier4InitEv)
    Barrier::Open()                          0x080053fd   Thumb Code    44  barrier.o(i._ZN7Barrier4OpenEv)
    Barrier::IsOpened()                      0x08005435   Thumb Code     6  barrier.o(i._ZN7Barrier8IsOpenedEv)
    HAL_I2C1::Init()                         0x08005441   Thumb Code    42  hal_i2c.o(i._ZN8HAL_I2C14InitEv)
    Processor::AppendData(float, bool)       0x08005479   Thumb Code     2  processor.o(i._ZN9Processor10AppendDataEfb)
    Processor::Log()                         0x0800547b   Thumb Code     2  processor.o(i._ZN9Processor3LogEv)
    __ARM_fpclassify                         0x0800547d   Thumb Code    40  fpclassify.o(i.__ARM_fpclassify)
    _is_digit                                0x080054b5   Thumb Code    14  __printf_wp.o(i._is_digit)
    main                                     0x080054c3   Thumb Code    12  main.o(i.main)
    _get_lc_numeric                          0x080054d1   Thumb Code    44  lc_numeric_c.o(locale$$code)
    _get_lc_ctype                            0x080054fd   Thumb Code    44  lc_ctype_c.o(locale$$code)
    __fpl_dretinf                            0x08005529   Thumb Code    12  dretinf.o(x$fpl$dretinf)
    __aeabi_f2d                              0x08005535   Thumb Code     0  f2d.o(x$fpl$f2d)
    _f2d                                     0x08005535   Thumb Code    86  f2d.o(x$fpl$f2d)
    __aeabi_i2f                              0x0800558d   Thumb Code     0  fflt_clz.o(x$fpl$fflt)
    _fflt                                    0x0800558d   Thumb Code    48  fflt_clz.o(x$fpl$fflt)
    __fpl_fnaninf                            0x080055bd   Thumb Code   140  fnaninf.o(x$fpl$fnaninf)
    _printf_fp_dec                           0x08005649   Thumb Code     4  printf1.o(x$fpl$printf1)
    AHBPrescTable                            0x0800564c   Data          16  system_stm32f1xx.o(.constdata)
    __I$use$fp                               0x0800564c   Number         0  usenofp.o(x$fpl$usenofp)
    APBPrescTable                            0x0800565c   Data           8  system_stm32f1xx.o(.constdata)
    Region$$Table$$Base                      0x0800575c   Number         0  anon$$obj.o(Region$$Table)
    Region$$Table$$Limit                     0x0800577c   Number         0  anon$$obj.o(Region$$Table)
    __ctype                                  0x080057a5   Data           0  lc_ctype_c.o(locale$$data)
    SHT$$INIT_ARRAY$$Base                    0x080058a8   Number         0  barrier.o(.init_array)
    SHT$$INIT_ARRAY$$Limit                   0x080058ac   Number         0  init_aeabi.o(.init_array)
    uwTick                                   0x20000000   Data           4  stm32f1xx_hal.o(.data)
    uwTickPrio                               0x20000004   Data           4  stm32f1xx_hal.o(.data)
    uwTickFreq                               0x20000008   Data           1  stm32f1xx_hal.o(.data)
    SystemCoreClock                          0x2000000c   Data           4  system_stm32f1xx.o(.data)
    FS_Desc                                  0x20000010   Data          28  usbd_desc.o(.data)
    USBD_FS_DeviceDesc                       0x2000002c   Data          18  usbd_desc.o(.data)
    USBD_LangIDDesc                          0x20000040   Data           4  usbd_desc.o(.data)
    USBD_StringSerial                        0x20000044   Data          26  usbd_desc.o(.data)
    USBD_Interface_fops_FS                   0x20000060   Data          16  cdc.o(.data)
    CDC::handlePCD                           0x20000070   Data           4  cdc.o(.data)
    USBD_CDC                                 0x20000080   Data          56  usbd_cdc.o(.data)
    USBD_CDC_CfgHSDesc                       0x200000b8   Data          67  usbd_cdc.o(.data)
    USBD_CDC_CfgFSDesc                       0x200000fc   Data          67  usbd_cdc.o(.data)
    USBD_CDC_OtherSpeedCfgDesc               0x20000140   Data          67  usbd_cdc.o(.data)
    Barrier::opened                          0x20000188   Data           1  barrier.o(.data)
    Barrier::meter                           0x2000018c   Data           8  barrier.o(.data)
    USBD_StrDesc                             0x200003b4   Data         512  usbd_desc.o(.bss)
    UserRxBufferFS                           0x20000c38   Data        1000  cdc.o(.bss)
    UserTxBufferFS                           0x20001020   Data        1000  cdc.o(.bss)
    __libspace_start                         0x2000145c   Data          96  libspace.o(.bss)
    __temporary_stack_top$libspace           0x200014bc   Data           0  libspace.o(.bss)



==============================================================================

Memory Map of the image

  Image Entry point : 0x080000ed

  Load Region LR_IROM1 (Base: 0x08000000, Size: 0x00005a40, Max: 0x00010000, ABSOLUTE, COMPRESSED[0x00005978])

    Execution Region ER_IROM1 (Exec base: 0x08000000, Load base: 0x08000000, Size: 0x000058ac, Max: 0x00010000, ABSOLUTE)

    Exec Addr    Load Addr    Size         Type   Attr      Idx    E Section Name        Object

    0x08000000   0x08000000   0x000000ec   Data   RO         2707    RESET               startup_stm32f103xb.o
    0x080000ec   0x080000ec   0x00000008   Code   RO         3984  * !!!main             c_w.l(__main.o)
    0x080000f4   0x080000f4   0x00000034   Code   RO         4318    !!!scatter          c_w.l(__scatter.o)
    0x08000128   0x08000128   0x0000005a   Code   RO         4316    !!dczerorl2         c_w.l(__dczerorl2.o)
    0x08000182   0x08000182   0x00000002   PAD
    0x08000184   0x08000184   0x0000001c   Code   RO         4320    !!handler_zi        c_w.l(__scatter_zi.o)
    0x080001a0   0x080001a0   0x00000000   Code   RO         4082    .ARM.Collect$$_printf_percent$$00000000  c_w.l(_printf_percent.o)
    0x080001a0   0x080001a0   0x00000006   Code   RO         4071    .ARM.Collect$$_printf_percent$$00000001  c_w.l(_printf_n.o)
    0x080001a6   0x080001a6   0x00000006   Code   RO         4073    .ARM.Collect$$_printf_percent$$00000002  c_w.l(_printf_p.o)
    0x080001ac   0x080001ac   0x00000006   Code   RO         4078    .ARM.Collect$$_printf_percent$$00000003  c_w.l(_printf_f.o)
    0x080001b2   0x080001b2   0x00000006   Code   RO         4079    .ARM.Collect$$_printf_percent$$00000004  c_w.l(_printf_e.o)
    0x080001b8   0x080001b8   0x00000006   Code   RO         4080    .ARM.Collect$$_printf_percent$$00000005  c_w.l(_printf_g.o)
    0x080001be   0x080001be   0x00000006   Code   RO         4081    .ARM.Collect$$_printf_percent$$00000006  c_w.l(_printf_a.o)
    0x080001c4   0x080001c4   0x0000000a   Code   RO         4086    .ARM.Collect$$_printf_percent$$00000007  c_w.l(_printf_ll.o)
    0x080001ce   0x080001ce   0x00000006   Code   RO         4075    .ARM.Collect$$_printf_percent$$00000008  c_w.l(_printf_i.o)
    0x080001d4   0x080001d4   0x00000006   Code   RO         4076    .ARM.Collect$$_printf_percent$$00000009  c_w.l(_printf_d.o)
    0x080001da   0x080001da   0x00000006   Code   RO         4077    .ARM.Collect$$_printf_percent$$0000000A  c_w.l(_printf_u.o)
    0x080001e0   0x080001e0   0x00000006   Code   RO         4074    .ARM.Collect$$_printf_percent$$0000000B  c_w.l(_printf_o.o)
    0x080001e6   0x080001e6   0x00000006   Code   RO         4072    .ARM.Collect$$_printf_percent$$0000000C  c_w.l(_printf_x.o)
    0x080001ec   0x080001ec   0x00000006   Code   RO         4083    .ARM.Collect$$_printf_percent$$0000000D  c_w.l(_printf_lli.o)
    0x080001f2   0x080001f2   0x00000006   Code   RO         4084    .ARM.Collect$$_printf_percent$$0000000E  c_w.l(_printf_lld.o)
    0x080001f8   0x080001f8   0x00000006   Code   RO         4085    .ARM.Collect$$_printf_percent$$0000000F  c_w.l(_printf_llu.o)
    0x080001fe   0x080001fe   0x00000006   Code   RO         4090    .ARM.Collect$$_printf_percent$$00000010  c_w.l(_printf_llo.o)
    0x08000204   0x08000204   0x00000006   Code   RO         4091    .ARM.Collect$$_printf_percent$$00000011  c_w.l(_printf_llx.o)
    0x0800020a   0x0800020a   0x0000000a   Code   RO         4087    .ARM.Collect$$_printf_percent$$00000012  c_w.l(_printf_l.o)
    0x08000214   0x08000214   0x00000006   Code   RO         4069    .ARM.Collect$$_printf_percent$$00000013  c_w.l(_printf_c.o)
    0x0800021a   0x0800021a   0x00000006   Code   RO         4070    .ARM.Collect$$_printf_percent$$00000014  c_w.l(_printf_s.o)
    0x08000220   0x08000220   0x00000006   Code   RO         4088    .ARM.Collect$$_printf_percent$$00000015  c_w.l(_printf_lc.o)
    0x08000226   0x08000226   0x00000006   Code   RO         4089    .ARM.Collect$$_printf_percent$$00000016  c_w.l(_printf_ls.o)
    0x0800022c   0x0800022c   0x00000004   Code   RO         4171    .ARM.Collect$$_printf_percent$$00000017  c_w.l(_printf_percent_end.o)
    0x08000230   0x08000230   0x00000002   Code   RO         4228    .ARM.Collect$$libinit$$00000000  c_w.l(libinit.o)
    0x08000232   0x08000232   0x00000000   Code   RO         4093    .ARM.Collect$$libinit$$00000002  c_w.l(libinit2.o)
    0x08000232   0x08000232   0x00000000   Code   RO         4095    .ARM.Collect$$libinit$$00000004  c_w.l(libinit2.o)
    0x08000232   0x08000232   0x00000000   Code   RO         4098    .ARM.Collect$$libinit$$0000000A  c_w.l(libinit2.o)
    0x08000232   0x08000232   0x00000000   Code   RO         4100    .ARM.Collect$$libinit$$0000000C  c_w.l(libinit2.o)
    0x08000232   0x08000232   0x00000000   Code   RO         4102    .ARM.Collect$$libinit$$0000000E  c_w.l(libinit2.o)
    0x08000232   0x08000232   0x00000006   Code   RO         4103    .ARM.Collect$$libinit$$0000000F  c_w.l(libinit2.o)
    0x08000238   0x08000238   0x00000000   Code   RO         4105    .ARM.Collect$$libinit$$00000011  c_w.l(libinit2.o)
    0x08000238   0x08000238   0x0000000c   Code   RO         4106    .ARM.Collect$$libinit$$00000012  c_w.l(libinit2.o)
    0x08000244   0x08000244   0x00000000   Code   RO         4107    .ARM.Collect$$libinit$$00000013  c_w.l(libinit2.o)
    0x08000244   0x08000244   0x00000000   Code   RO         4109    .ARM.Collect$$libinit$$00000015  c_w.l(libinit2.o)
    0x08000244   0x08000244   0x0000000a   Code   RO         4110    .ARM.Collect$$libinit$$00000016  c_w.l(libinit2.o)
    0x0800024e   0x0800024e   0x00000000   Code   RO         4111    .ARM.Collect$$libinit$$00000017  c_w.l(libinit2.o)
    0x0800024e   0x0800024e   0x00000000   Code   RO         4113    .ARM.Collect$$libinit$$00000019  c_w.l(libinit2.o)
    0x0800024e   0x0800024e   0x00000000   Code   RO         4115    .ARM.Collect$$libinit$$0000001B  c_w.l(libinit2.o)
    0x0800024e   0x0800024e   0x00000000   Code   RO         4117    .ARM.Collect$$libinit$$0000001D  c_w.l(libinit2.o)
    0x0800024e   0x0800024e   0x00000000   Code   RO         4119    .ARM.Collect$$libinit$$0000001F  c_w.l(libinit2.o)
    0x0800024e   0x0800024e   0x00000000   Code   RO         4121    .ARM.Collect$$libinit$$00000021  c_w.l(libinit2.o)
    0x0800024e   0x0800024e   0x00000000   Code   RO         4123    .ARM.Collect$$libinit$$00000023  c_w.l(libinit2.o)
    0x0800024e   0x0800024e   0x00000000   Code   RO         4125    .ARM.Collect$$libinit$$00000025  c_w.l(libinit2.o)
    0x0800024e   0x0800024e   0x00000000   Code   RO         4129    .ARM.Collect$$libinit$$0000002C  c_w.l(libinit2.o)
    0x0800024e   0x0800024e   0x00000000   Code   RO         4131    .ARM.Collect$$libinit$$0000002E  c_w.l(libinit2.o)
    0x0800024e   0x0800024e   0x00000000   Code   RO         4133    .ARM.Collect$$libinit$$00000030  c_w.l(libinit2.o)
    0x0800024e   0x0800024e   0x00000004   Code   RO         4134    .ARM.Collect$$libinit$$00000031  c_w.l(libinit2.o)
    0x08000252   0x08000252   0x00000000   Code   RO         4135    .ARM.Collect$$libinit$$00000032  c_w.l(libinit2.o)
    0x08000252   0x08000252   0x00000002   Code   RO         4136    .ARM.Collect$$libinit$$00000033  c_w.l(libinit2.o)
    0x08000254   0x08000254   0x00000002   Code   RO         4275    .ARM.Collect$$libshutdown$$00000000  c_w.l(libshutdown.o)
    0x08000256   0x08000256   0x00000000   Code   RO         4281    .ARM.Collect$$libshutdown$$00000002  c_w.l(libshutdown2.o)
    0x08000256   0x08000256   0x00000000   Code   RO         4283    .ARM.Collect$$libshutdown$$00000004  c_w.l(libshutdown2.o)
    0x08000256   0x08000256   0x00000000   Code   RO         4285    .ARM.Collect$$libshutdown$$00000006  c_w.l(libshutdown2.o)
    0x08000256   0x08000256   0x00000000   Code   RO         4288    .ARM.Collect$$libshutdown$$00000009  c_w.l(libshutdown2.o)
    0x08000256   0x08000256   0x00000000   Code   RO         4291    .ARM.Collect$$libshutdown$$0000000C  c_w.l(libshutdown2.o)
    0x08000256   0x08000256   0x00000000   Code   RO         4293    .ARM.Collect$$libshutdown$$0000000E  c_w.l(libshutdown2.o)
    0x08000256   0x08000256   0x00000000   Code   RO         4296    .ARM.Collect$$libshutdown$$00000011  c_w.l(libshutdown2.o)
    0x08000256   0x08000256   0x00000002   Code   RO         4297    .ARM.Collect$$libshutdown$$00000012  c_w.l(libshutdown2.o)
    0x08000258   0x08000258   0x00000000   Code   RO         4000    .ARM.Collect$$rtentry$$00000000  c_w.l(__rtentry.o)
    0x08000258   0x08000258   0x00000000   Code   RO         4145    .ARM.Collect$$rtentry$$00000002  c_w.l(__rtentry2.o)
    0x08000258   0x08000258   0x00000006   Code   RO         4157    .ARM.Collect$$rtentry$$00000004  c_w.l(__rtentry4.o)
    0x0800025e   0x0800025e   0x00000000   Code   RO         4147    .ARM.Collect$$rtentry$$00000009  c_w.l(__rtentry2.o)
    0x0800025e   0x0800025e   0x00000004   Code   RO         4148    .ARM.Collect$$rtentry$$0000000A  c_w.l(__rtentry2.o)
    0x08000262   0x08000262   0x00000000   Code   RO         4150    .ARM.Collect$$rtentry$$0000000C  c_w.l(__rtentry2.o)
    0x08000262   0x08000262   0x00000008   Code   RO         4151    .ARM.Collect$$rtentry$$0000000D  c_w.l(__rtentry2.o)
    0x0800026a   0x0800026a   0x00000002   Code   RO         4238    .ARM.Collect$$rtexit$$00000000  c_w.l(rtexit.o)
    0x0800026c   0x0800026c   0x00000000   Code   RO         4255    .ARM.Collect$$rtexit$$00000002  c_w.l(rtexit2.o)
    0x0800026c   0x0800026c   0x00000004   Code   RO         4256    .ARM.Collect$$rtexit$$00000003  c_w.l(rtexit2.o)
    0x08000270   0x08000270   0x00000006   Code   RO         4257    .ARM.Collect$$rtexit$$00000004  c_w.l(rtexit2.o)
    0x08000276   0x08000276   0x00000002   PAD
    0x08000278   0x08000278   0x00000040   Code   RO         2708    .text               startup_stm32f103xb.o
    0x080002b8   0x080002b8   0x00000024   Code   RO         3974    .text               c_w.l(c89vsprintf.o)
    0x080002dc   0x080002dc   0x0000003e   Code   RO         3976    .text               c_w.l(strlen.o)
    0x0800031a   0x0800031a   0x00000064   Code   RO         3978    .text               c_w.l(rt_memcpy_w.o)
    0x0800037e   0x0800037e   0x0000004e   Code   RO         3980    .text               c_w.l(rt_memclr_w.o)
    0x080003cc   0x080003cc   0x00000006   Code   RO         3982    .text               c_w.l(heapauxi.o)
    0x080003d2   0x080003d2   0x00000002   PAD
    0x080003d4   0x080003d4   0x00000024   Code   RO         3989    .text               c_w.l(init_aeabi.o)
    0x080003f8   0x080003f8   0x0000004e   Code   RO         4003    .text               c_w.l(_printf_pad.o)
    0x08000446   0x08000446   0x00000024   Code   RO         4005    .text               c_w.l(_printf_truncate.o)
    0x0800046a   0x0800046a   0x00000052   Code   RO         4007    .text               c_w.l(_printf_str.o)
    0x080004bc   0x080004bc   0x00000078   Code   RO         4009    .text               c_w.l(_printf_dec.o)
    0x08000534   0x08000534   0x00000028   Code   RO         4011    .text               c_w.l(_printf_charcount.o)
    0x0800055c   0x0800055c   0x00000030   Code   RO         4013    .text               c_w.l(_printf_char_common.o)
    0x0800058c   0x0800058c   0x0000000a   Code   RO         4015    .text               c_w.l(_sputc.o)
    0x08000596   0x08000596   0x00000002   PAD
    0x08000598   0x08000598   0x000000bc   Code   RO         4017    .text               c_w.l(_printf_wctomb.o)
    0x08000654   0x08000654   0x0000007c   Code   RO         4020    .text               c_w.l(_printf_longlong_dec.o)
    0x080006d0   0x080006d0   0x00000070   Code   RO         4026    .text               c_w.l(_printf_oct_int_ll.o)
    0x08000740   0x08000740   0x00000094   Code   RO         4046    .text               c_w.l(_printf_hex_int_ll_ptr.o)
    0x080007d4   0x080007d4   0x00000188   Code   RO         4066    .text               c_w.l(__printf_flags_ss_wp.o)
    0x0800095c   0x0800095c   0x0000008a   Code   RO         4159    .text               c_w.l(lludiv10.o)
    0x080009e6   0x080009e6   0x000000b2   Code   RO         4161    .text               c_w.l(_printf_intcommon.o)
    0x08000a98   0x08000a98   0x0000041e   Code   RO         4163    .text               c_w.l(_printf_fp_dec.o)
    0x08000eb6   0x08000eb6   0x0000002c   Code   RO         4167    .text               c_w.l(_printf_char.o)
    0x08000ee2   0x08000ee2   0x0000002c   Code   RO         4169    .text               c_w.l(_printf_wchar.o)
    0x08000f0e   0x08000f0e   0x00000040   Code   RO         4172    .text               c_w.l(_wcrtomb.o)
    0x08000f4e   0x08000f4e   0x0000004a   Code   RO         4178    .text               c_w.l(sys_stackheap_outer.o)
    0x08000f98   0x08000f98   0x00000010   Code   RO         4180    .text               c_w.l(rt_ctype_table.o)
    0x08000fa8   0x08000fa8   0x00000008   Code   RO         4185    .text               c_w.l(rt_locale_intlibspace.o)
    0x08000fb0   0x08000fb0   0x00000080   Code   RO         4187    .text               c_w.l(_printf_fp_infnan.o)
    0x08001030   0x08001030   0x000000e4   Code   RO         4189    .text               c_w.l(bigflt0.o)
    0x08001114   0x08001114   0x00000012   Code   RO         4217    .text               c_w.l(exit.o)
    0x08001126   0x08001126   0x00000002   PAD
    0x08001128   0x08001128   0x00000008   Code   RO         4235    .text               c_w.l(libspace.o)
    0x08001130   0x08001130   0x00000080   Code   RO         4249    .text               c_w.l(strcmpv7m.o)
    0x080011b0   0x080011b0   0x00000002   Code   RO         4251    .text               c_w.l(use_no_semi.o)
    0x080011b2   0x080011b2   0x00000000   Code   RO         4253    .text               c_w.l(indicate_semi.o)
    0x080011b2   0x080011b2   0x00000002   PAD
    0x080011b4   0x080011b4   0x0000000c   Code   RO         4267    .text               c_w.l(sys_exit.o)
    0x080011c0   0x080011c0   0x0000003e   Code   RO         4192    CL$$btod_d2e        c_w.l(btod.o)
    0x080011fe   0x080011fe   0x00000046   Code   RO         4194    CL$$btod_d2e_denorm_low  c_w.l(btod.o)
    0x08001244   0x08001244   0x00000060   Code   RO         4193    CL$$btod_d2e_norm_op1  c_w.l(btod.o)
    0x080012a4   0x080012a4   0x00000338   Code   RO         4202    CL$$btod_div_common  c_w.l(btod.o)
    0x080015dc   0x080015dc   0x000000dc   Code   RO         4199    CL$$btod_e2e        c_w.l(btod.o)
    0x080016b8   0x080016b8   0x0000002a   Code   RO         4196    CL$$btod_ediv       c_w.l(btod.o)
    0x080016e2   0x080016e2   0x0000002a   Code   RO         4195    CL$$btod_emul       c_w.l(btod.o)
    0x0800170c   0x0800170c   0x00000244   Code   RO         4201    CL$$btod_mult_common  c_w.l(btod.o)
    0x08001950   0x08001950   0x00000004   Code   RO         3739    i.BusFault_Handler  hal_it.o
    0x08001954   0x08001954   0x00000002   Code   RO         3740    i.DebugMon_Handler  hal_it.o
    0x08001956   0x08001956   0x00000002   PAD
    0x08001958   0x08001958   0x00000028   Code   RO           11    i.HAL_Delay         stm32f1xx_hal.o
    0x08001980   0x08001980   0x0000031c   Code   RO          443    i.HAL_GPIO_Init     stm32f1xx_hal_gpio.o
    0x08001c9c   0x08001c9c   0x00000010   Code   RO          445    i.HAL_GPIO_ReadPin  stm32f1xx_hal_gpio.o
    0x08001cac   0x08001cac   0x0000000c   Code   RO          447    i.HAL_GPIO_WritePin  stm32f1xx_hal_gpio.o
    0x08001cb8   0x08001cb8   0x0000000c   Code   RO           15    i.HAL_GetTick       stm32f1xx_hal.o
    0x08001cc4   0x08001cc4   0x0000017c   Code   RO         1241    i.HAL_I2C_Init      stm32f1xx_hal_i2c.o
    0x08001e40   0x08001e40   0x00000050   Code   RO         3680    i.HAL_I2C_MspInit   hal_i2c.o
    0x08001e90   0x08001e90   0x00000018   Code   RO           19    i.HAL_IncTick       stm32f1xx_hal.o
    0x08001ea8   0x08001ea8   0x00000028   Code   RO           20    i.HAL_Init          stm32f1xx_hal.o
    0x08001ed0   0x08001ed0   0x0000004c   Code   RO           21    i.HAL_InitTick      stm32f1xx_hal.o
    0x08001f1c   0x08001f1c   0x00000002   Code   RO           23    i.HAL_MspInit       stm32f1xx_hal.o
    0x08001f1e   0x08001f1e   0x00000020   Code   RO          764    i.HAL_NVIC_EnableIRQ  stm32f1xx_hal_cortex.o
    0x08001f3e   0x08001f3e   0x0000007c   Code   RO          770    i.HAL_NVIC_SetPriority  stm32f1xx_hal_cortex.o
    0x08001fba   0x08001fba   0x00000002   PAD
    0x08001fbc   0x08001fbc   0x00000028   Code   RO          771    i.HAL_NVIC_SetPriorityGrouping  stm32f1xx_hal_cortex.o
    0x08001fe4   0x08001fe4   0x0000003e   Code   RO         2123    i.HAL_PCDEx_PMAConfig  stm32f1xx_hal_pcd_ex.o
    0x08002022   0x08002022   0x00000002   Code   RO         2754    i.HAL_PCDEx_SetConnectionState  usbd_conf.o
    0x08002024   0x08002024   0x0000001c   Code   RO         2756    i.HAL_PCD_DataInStageCallback  usbd_conf.o
    0x08002040   0x08002040   0x0000001c   Code   RO         2757    i.HAL_PCD_DataOutStageCallback  usbd_conf.o
    0x0800205c   0x0800205c   0x00000064   Code   RO          523    i.HAL_PCD_EP_Close  stm32f1xx_hal_pcd.o
    0x080020c0   0x080020c0   0x00000062   Code   RO          524    i.HAL_PCD_EP_ClrStall  stm32f1xx_hal_pcd.o
    0x08002122   0x08002122   0x00000014   Code   RO          526    i.HAL_PCD_EP_GetRxCount  stm32f1xx_hal_pcd.o
    0x08002136   0x08002136   0x00000076   Code   RO          527    i.HAL_PCD_EP_Open   stm32f1xx_hal_pcd.o
    0x080021ac   0x080021ac   0x0000004a   Code   RO          528    i.HAL_PCD_EP_Receive  stm32f1xx_hal_pcd.o
    0x080021f6   0x080021f6   0x00000072   Code   RO          529    i.HAL_PCD_EP_SetStall  stm32f1xx_hal_pcd.o
    0x08002268   0x08002268   0x0000004c   Code   RO          530    i.HAL_PCD_EP_Transmit  stm32f1xx_hal_pcd.o
    0x080022b4   0x080022b4   0x00000168   Code   RO          532    i.HAL_PCD_IRQHandler  stm32f1xx_hal_pcd.o
    0x0800241c   0x0800241c   0x0000011a   Code   RO          535    i.HAL_PCD_Init      stm32f1xx_hal_pcd.o
    0x08002536   0x08002536   0x00000002   PAD
    0x08002538   0x08002538   0x00000040   Code   RO         2762    i.HAL_PCD_MspInit   usbd_conf.o
    0x08002578   0x08002578   0x0000001a   Code   RO         2763    i.HAL_PCD_ResetCallback  usbd_conf.o
    0x08002592   0x08002592   0x0000000e   Code   RO         2764    i.HAL_PCD_ResumeCallback  usbd_conf.o
    0x080025a0   0x080025a0   0x0000000e   Code   RO         2765    i.HAL_PCD_SOFCallback  usbd_conf.o
    0x080025ae   0x080025ae   0x00000036   Code   RO          541    i.HAL_PCD_SetAddress  stm32f1xx_hal_pcd.o
    0x080025e4   0x080025e4   0x00000012   Code   RO         2766    i.HAL_PCD_SetupStageCallback  usbd_conf.o
    0x080025f6   0x080025f6   0x0000003c   Code   RO          543    i.HAL_PCD_Start     stm32f1xx_hal_pcd.o
    0x08002632   0x08002632   0x00000002   PAD
    0x08002634   0x08002634   0x00000024   Code   RO         2767    i.HAL_PCD_SuspendCallback  usbd_conf.o
    0x08002658   0x08002658   0x0000012c   Code   RO          403    i.HAL_RCCEx_PeriphCLKConfig  stm32f1xx_hal_rcc_ex.o
    0x08002784   0x08002784   0x000001d0   Code   RO          276    i.HAL_RCC_ClockConfig  stm32f1xx_hal_rcc.o
    0x08002954   0x08002954   0x0000000c   Code   RO          281    i.HAL_RCC_GetHCLKFreq  stm32f1xx_hal_rcc.o
    0x08002960   0x08002960   0x00000020   Code   RO          283    i.HAL_RCC_GetPCLK1Freq  stm32f1xx_hal_rcc.o
    0x08002980   0x08002980   0x00000094   Code   RO          285    i.HAL_RCC_GetSysClockFreq  stm32f1xx_hal_rcc.o
    0x08002a14   0x08002a14   0x0000043c   Code   RO          288    i.HAL_RCC_OscConfig  stm32f1xx_hal_rcc.o
    0x08002e50   0x08002e50   0x00000034   Code   RO          775    i.HAL_SYSTICK_Config  stm32f1xx_hal_cortex.o
    0x08002e84   0x08002e84   0x00000004   Code   RO         3741    i.HardFault_Handler  hal_it.o
    0x08002e88   0x08002e88   0x00000004   Code   RO         3742    i.MemManage_Handler  hal_it.o
    0x08002e8c   0x08002e8c   0x00000002   Code   RO         3743    i.NMI_Handler       hal_it.o
    0x08002e8e   0x08002e8e   0x00000002   Code   RO         3744    i.PendSV_Handler    hal_it.o
    0x08002e90   0x08002e90   0x00000002   Code   RO         3745    i.SVC_Handler       hal_it.o
    0x08002e92   0x08002e92   0x00000008   Code   RO         3746    i.SysTick_Handler   hal_it.o
    0x08002e9a   0x08002e9a   0x00000002   PAD
    0x08002e9c   0x08002e9c   0x00000058   Code   RO         2716    i.SystemInit        system_stm32f1xx.o
    0x08002ef4   0x08002ef4   0x0000003a   Code   RO         3403    i.USBD_CDC_ReceivePacket  usbd_cdc.o
    0x08002f2e   0x08002f2e   0x0000000e   Code   RO         3404    i.USBD_CDC_RegisterInterface  usbd_cdc.o
    0x08002f3c   0x08002f3c   0x0000000e   Code   RO         3405    i.USBD_CDC_SetRxBuffer  usbd_cdc.o
    0x08002f4a   0x08002f4a   0x00000014   Code   RO         3406    i.USBD_CDC_SetTxBuffer  usbd_cdc.o
    0x08002f5e   0x08002f5e   0x00000038   Code   RO         3407    i.USBD_CDC_TransmitPacket  usbd_cdc.o
    0x08002f96   0x08002f96   0x00000016   Code   RO         3178    i.USBD_ClrClassConfig  usbd_core.o
    0x08002fac   0x08002fac   0x00000018   Code   RO         3336    i.USBD_CtlContinueRx  usbd_ioreq.o
    0x08002fc4   0x08002fc4   0x00000018   Code   RO         3337    i.USBD_CtlContinueSendData  usbd_ioreq.o
    0x08002fdc   0x08002fdc   0x00000018   Code   RO         3527    i.USBD_CtlError     usbd_ctlreq.o
    0x08002ff4   0x08002ff4   0x00000028   Code   RO         3338    i.USBD_CtlPrepareRx  usbd_ioreq.o
    0x0800301c   0x0800301c   0x0000001a   Code   RO         3339    i.USBD_CtlReceiveStatus  usbd_ioreq.o
    0x08003036   0x08003036   0x00000022   Code   RO         3340    i.USBD_CtlSendData  usbd_ioreq.o
    0x08003058   0x08003058   0x0000001a   Code   RO         3341    i.USBD_CtlSendStatus  usbd_ioreq.o
    0x08003072   0x08003072   0x00000052   Code   RO         3528    i.USBD_GetString    usbd_ctlreq.o
    0x080030c4   0x080030c4   0x00000032   Code   RO         3180    i.USBD_Init         usbd_core.o
    0x080030f6   0x080030f6   0x00000026   Code   RO         2768    i.USBD_LL_ClearStallEP  usbd_conf.o
    0x0800311c   0x0800311c   0x00000026   Code   RO         2769    i.USBD_LL_CloseEP   usbd_conf.o
    0x08003142   0x08003142   0x000000da   Code   RO         3181    i.USBD_LL_DataInStage  usbd_core.o
    0x0800321c   0x0800321c   0x00000086   Code   RO         3182    i.USBD_LL_DataOutStage  usbd_core.o
    0x080032a2   0x080032a2   0x00000012   Code   RO         2773    i.USBD_LL_GetRxDataSize  usbd_conf.o
    0x080032b4   0x080032b4   0x0000007c   Code   RO         2774    i.USBD_LL_Init      usbd_conf.o
    0x08003330   0x08003330   0x00000030   Code   RO         2775    i.USBD_LL_IsStallEP  usbd_conf.o
    0x08003360   0x08003360   0x00000030   Code   RO         2776    i.USBD_LL_OpenEP    usbd_conf.o
    0x08003390   0x08003390   0x00000030   Code   RO         2777    i.USBD_LL_PrepareReceive  usbd_conf.o
    0x080033c0   0x080033c0   0x00000044   Code   RO         3187    i.USBD_LL_Reset     usbd_core.o
    0x08003404   0x08003404   0x0000000e   Code   RO         3188    i.USBD_LL_Resume    usbd_core.o
    0x08003412   0x08003412   0x00000022   Code   RO         3189    i.USBD_LL_SOF       usbd_core.o
    0x08003434   0x08003434   0x00000008   Code   RO         3190    i.USBD_LL_SetSpeed  usbd_core.o
    0x0800343c   0x0800343c   0x00000026   Code   RO         2778    i.USBD_LL_SetUSBAddress  usbd_conf.o
    0x08003462   0x08003462   0x0000006e   Code   RO         3191    i.USBD_LL_SetupStage  usbd_core.o
    0x080034d0   0x080034d0   0x00000026   Code   RO         2779    i.USBD_LL_StallEP   usbd_conf.o
    0x080034f6   0x080034f6   0x0000001e   Code   RO         2780    i.USBD_LL_Start     usbd_conf.o
    0x08003514   0x08003514   0x00000014   Code   RO         3192    i.USBD_LL_Suspend   usbd_core.o
    0x08003528   0x08003528   0x00000030   Code   RO         2782    i.USBD_LL_Transmit  usbd_conf.o
    0x08003558   0x08003558   0x00000028   Code   RO         3529    i.USBD_ParseSetupRequest  usbd_ctlreq.o
    0x08003580   0x08003580   0x00000010   Code   RO         3193    i.USBD_RegisterClass  usbd_core.o
    0x08003590   0x08003590   0x00000006   Code   RO         3194    i.USBD_RunTestMode  usbd_core.o
    0x08003596   0x08003596   0x00000022   Code   RO         3195    i.USBD_SetClassConfig  usbd_core.o
    0x080035b8   0x080035b8   0x0000000e   Code   RO         3196    i.USBD_Start        usbd_core.o
    0x080035c6   0x080035c6   0x00000072   Code   RO         3530    i.USBD_StdDevReq    usbd_ctlreq.o
    0x08003638   0x08003638   0x00000156   Code   RO         3531    i.USBD_StdEPReq     usbd_ctlreq.o
    0x0800378e   0x0800378e   0x0000004a   Code   RO         3532    i.USBD_StdItfReq    usbd_ctlreq.o
    0x080037d8   0x080037d8   0x00000002   Code   RO         2783    i.USBD_static_free  usbd_conf.o
    0x080037da   0x080037da   0x00000002   PAD
    0x080037dc   0x080037dc   0x0000000c   Code   RO         2784    i.USBD_static_malloc  usbd_conf.o
    0x080037e8   0x080037e8   0x000003aa   Code   RO          901    i.USB_ActivateEndpoint  stm32f1xx_ll_usb.o
    0x08003b92   0x08003b92   0x00000008   Code   RO          904    i.USB_CoreInit      stm32f1xx_ll_usb.o
    0x08003b9a   0x08003b9a   0x00000214   Code   RO          906    i.USB_DeactivateEndpoint  stm32f1xx_ll_usb.o
    0x08003dae   0x08003dae   0x00000006   Code   RO          907    i.USB_DevConnect    stm32f1xx_ll_usb.o
    0x08003db4   0x08003db4   0x00000006   Code   RO          908    i.USB_DevDisconnect  stm32f1xx_ll_usb.o
    0x08003dba   0x08003dba   0x0000001e   Code   RO          909    i.USB_DevInit       stm32f1xx_ll_usb.o
    0x08003dd8   0x08003dd8   0x00000016   Code   RO          910    i.USB_DisableGlobalInt  stm32f1xx_ll_usb.o
    0x08003dee   0x08003dee   0x00000006   Code   RO          911    i.USB_EP0_OutStart  stm32f1xx_ll_usb.o
    0x08003df4   0x08003df4   0x000000b4   Code   RO          912    i.USB_EPClearStall  stm32f1xx_ll_usb.o
    0x08003ea8   0x08003ea8   0x00000086   Code   RO          913    i.USB_EPSetStall    stm32f1xx_ll_usb.o
    0x08003f2e   0x08003f2e   0x00000332   Code   RO          914    i.USB_EPStartXfer   stm32f1xx_ll_usb.o
    0x08004260   0x08004260   0x00000016   Code   RO          915    i.USB_EnableGlobalInt  stm32f1xx_ll_usb.o
    0x08004276   0x08004276   0x00000008   Code   RO         3747    i.USB_LP_CAN1_RX0_IRQHandler  hal_it.o
    0x0800427e   0x0800427e   0x0000000a   Code   RO          922    i.USB_ReadInterrupts  stm32f1xx_ll_usb.o
    0x08004288   0x08004288   0x00000028   Code   RO          923    i.USB_ReadPMA       stm32f1xx_ll_usb.o
    0x080042b0   0x080042b0   0x00000006   Code   RO          925    i.USB_SetCurrentMode  stm32f1xx_ll_usb.o
    0x080042b6   0x080042b6   0x0000000e   Code   RO          926    i.USB_SetDevAddress  stm32f1xx_ll_usb.o
    0x080042c4   0x080042c4   0x00000042   Code   RO          928    i.USB_WritePMA      stm32f1xx_ll_usb.o
    0x08004306   0x08004306   0x00000004   Code   RO         3748    i.UsageFault_Handler  hal_it.o
    0x0800430a   0x0800430a   0x00000002   PAD
    0x0800430c   0x0800430c   0x00000024   Code   RO         3085    i._Z11CDC_Init_FSv  cdc.o
    0x08004330   0x08004330   0x00000014   Code   RO         3533    i._Z11USBD_GetLenPh  usbd_ctlreq.o
    0x08004344   0x08004344   0x0000003e   Code   RO         2999    i._Z12IntToUnicodejPhh  usbd_desc.o
    0x08004382   0x08004382   0x00000004   Code   RO         3086    i._Z13CDC_DeInit_FSv  cdc.o
    0x08004386   0x08004386   0x00000002   PAD
    0x08004388   0x08004388   0x00000034   Code   RO         3000    i._Z13Get_SerialNumv  usbd_desc.o
    0x080043bc   0x080043bc   0x000000a6   Code   RO         3408    i._Z13USBD_CDC_InitP19_USBD_HandleTypeDefh  usbd_cdc.o
    0x08004462   0x08004462   0x00000044   Code   RO         3087    i._Z14CDC_Control_FShPht  cdc.o
    0x080044a6   0x080044a6   0x00000002   PAD
    0x080044a8   0x080044a8   0x0000001c   Code   RO         3088    i._Z14CDC_Receive_FSPhPj  cdc.o
    0x080044c4   0x080044c4   0x00000090   Code   RO         3409    i._Z14USBD_CDC_SetupP19_USBD_HandleTypeDefP13usb_setup_req  usbd_cdc.o
    0x08004554   0x08004554   0x00000050   Code   RO         3534    i._Z14USBD_GetConfigP19_USBD_HandleTypeDefP13usb_setup_req  usbd_ctlreq.o
    0x080045a4   0x080045a4   0x00000044   Code   RO         3535    i._Z14USBD_GetStatusP19_USBD_HandleTypeDefP13usb_setup_req  usbd_ctlreq.o
    0x080045e8   0x080045e8   0x000000e0   Code   RO         3536    i._Z14USBD_SetConfigP19_USBD_HandleTypeDefP13usb_setup_req  usbd_ctlreq.o
    0x080046c8   0x080046c8   0x0000001a   Code   RO         3410    i._Z15USBD_CDC_DataInP19_USBD_HandleTypeDefh  usbd_cdc.o
    0x080046e2   0x080046e2   0x00000040   Code   RO         3411    i._Z15USBD_CDC_DeInitP19_USBD_HandleTypeDefh  usbd_cdc.o
    0x08004722   0x08004722   0x00000044   Code   RO         3537    i._Z15USBD_ClrFeatureP19_USBD_HandleTypeDefP13usb_setup_req  usbd_ctlreq.o
    0x08004766   0x08004766   0x00000054   Code   RO         3538    i._Z15USBD_SetAddressP19_USBD_HandleTypeDefP13usb_setup_req  usbd_ctlreq.o
    0x080047ba   0x080047ba   0x00000024   Code   RO         3539    i._Z15USBD_SetFeatureP19_USBD_HandleTypeDefP13usb_setup_req  usbd_ctlreq.o
    0x080047de   0x080047de   0x00000034   Code   RO         3412    i._Z16USBD_CDC_DataOutP19_USBD_HandleTypeDefh  usbd_cdc.o
    0x08004812   0x08004812   0x00000444   Code   RO          546    i._Z18PCD_EP_ISR_HandlerP17PCD_HandleTypeDef  stm32f1xx_hal_pcd.o
    0x08004c56   0x08004c56   0x00000070   Code   RO         3637    i._Z18SystemClock_Configv  hal.o
    0x08004cc6   0x08004cc6   0x00000148   Code   RO         3540    i._Z18USBD_GetDescriptorP19_USBD_HandleTypeDefP13usb_setup_req  usbd_ctlreq.o
    0x08004e0e   0x08004e0e   0x00000002   PAD
    0x08004e10   0x08004e10   0x00000028   Code   RO          777    i._Z18__NVIC_SetPriority9IRQn_Typej  stm32f1xx_hal_cortex.o
    0x08004e38   0x08004e38   0x0000002c   Code   RO         2785    i._Z19USBD_Get_USB_Status17HAL_StatusTypeDef  usbd_conf.o
    0x08004e64   0x08004e64   0x00000032   Code   RO         3413    i._Z20USBD_CDC_EP0_RxReadyP19_USBD_HandleTypeDef  usbd_cdc.o
    0x08004e96   0x08004e96   0x00000002   PAD
    0x08004e98   0x08004e98   0x00000010   Code   RO         3414    i._Z21USBD_CDC_GetFSCfgDescPt  usbd_cdc.o
    0x08004ea8   0x08004ea8   0x00000010   Code   RO         3415    i._Z21USBD_CDC_GetHSCfgDescPt  usbd_cdc.o
    0x08004eb8   0x08004eb8   0x00000010   Code   RO         3001    i._Z24USBD_FS_DeviceDescriptor17USBD_SpeedTypeDefPt  usbd_desc.o
    0x08004ec8   0x08004ec8   0x00000010   Code   RO          778    i._Z26__NVIC_GetPriorityGroupingv  stm32f1xx_hal_cortex.o
    0x08004ed8   0x08004ed8   0x00000034   Code   RO         3002    i._Z27USBD_FS_ConfigStrDescriptor17USBD_SpeedTypeDefPt  usbd_desc.o
    0x08004f0c   0x08004f0c   0x00000010   Code   RO         3003    i._Z27USBD_FS_LangIDStrDescriptor17USBD_SpeedTypeDefPt  usbd_desc.o
    0x08004f1c   0x08004f1c   0x00000018   Code   RO         3004    i._Z27USBD_FS_SerialStrDescriptor17USBD_SpeedTypeDefPt  usbd_desc.o
    0x08004f34   0x08004f34   0x00000030   Code   RO         3005    i._Z28USBD_FS_ProductStrDescriptor17USBD_SpeedTypeDefPt  usbd_desc.o
    0x08004f64   0x08004f64   0x00000010   Code   RO         3416    i._Z29USBD_CDC_GetOtherSpeedCfgDescPt  usbd_cdc.o
    0x08004f74   0x08004f74   0x00000038   Code   RO         3006    i._Z30USBD_FS_InterfaceStrDescriptor17USBD_SpeedTypeDefPt  usbd_desc.o
    0x08004fac   0x08004fac   0x0000002c   Code   RO         3007    i._Z33USBD_FS_ManufacturerStrDescriptor17USBD_SpeedTypeDefPt  usbd_desc.o
    0x08004fd8   0x08004fd8   0x00000010   Code   RO         3417    i._Z37USBD_CDC_GetDeviceQualifierDescriptorPt  usbd_cdc.o
    0x08004fe8   0x08004fe8   0x00000028   Code   RO          289    i._Z9RCC_Delayj     stm32f1xx_hal_rcc.o
    0x08005010   0x08005010   0x0000000e   Code   RO         2641    i._ZN11TimeMeterMS11ElapsedTimeEv  timer.o
    0x0800501e   0x0800501e   0x00000010   Code   RO         2643    i._ZN11TimeMeterMS5ResetEv  timer.o
    0x0800502e   0x0800502e   0x0000000e   Code   RO         2645    i._ZN11TimeMeterMSC1Ev  timer.o
    0x0800503c   0x0800503c   0x0000001e   Code   RO         3827    i._ZN3ADC10GetVoltageEv  adc.o
    0x0800505a   0x0800505a   0x00000002   PAD
    0x0800505c   0x0800505c   0x000000b8   Code   RO         3828    i._ZN3ADC4InitEv    adc.o
    0x08005114   0x08005114   0x00000016   Code   RO         3829    i._ZN3ADC5DelayEv   adc.o
    0x0800512a   0x0800512a   0x00000002   PAD
    0x0800512c   0x0800512c   0x0000004c   Code   RO         3831    i._ZN3ADC8ReadByteEv  adc.o
    0x08005178   0x08005178   0x00000018   Code   RO         3832    i._ZN3ADC9DataReadyEv  adc.o
    0x08005190   0x08005190   0x0000005c   Code   RO         3833    i._ZN3ADC9WriteByteEh  adc.o
    0x080051ec   0x080051ec   0x00000010   Code   RO         3089    i._ZN3CDC12OnIRQHandlerEv  cdc.o
    0x080051fc   0x080051fc   0x00000034   Code   RO         3090    i._ZN3CDC4InitEv    cdc.o
    0x08005230   0x08005230   0x0000003c   Code   RO         3091    i._ZN3CDC8TransmitEPKvi  cdc.o
    0x0800526c   0x0800526c   0x00000038   Code   RO         3092    i._ZN3CDC8TransmitEPcz  cdc.o
    0x080052a4   0x080052a4   0x00000094   Code   RO         3638    i._ZN3HAL4InitEv    hal.o
    0x08005338   0x08005338   0x00000008   Code   RO         2646    i._ZN5Timer11CurrentTimeEv  timer.o
    0x08005340   0x08005340   0x0000000c   Code   RO         2647    i._ZN5Timer5DelayEj  timer.o
    0x0800534c   0x0800534c   0x00000014   Code   RO         2547    i._ZN6Device4InitEv  device.o
    0x08005360   0x08005360   0x00000050   Code   RO         2548    i._ZN6Device6UpdateEv  device.o
    0x080053b0   0x080053b0   0x00000010   Code   RO         3892    i._ZN7Barrier11TimeElapsedEv  barrier.o
    0x080053c0   0x080053c0   0x0000003c   Code   RO         3893    i._ZN7Barrier4InitEv  barrier.o
    0x080053fc   0x080053fc   0x00000038   Code   RO         3894    i._ZN7Barrier4OpenEv  barrier.o
    0x08005434   0x08005434   0x0000000c   Code   RO         3897    i._ZN7Barrier8IsOpenedEv  barrier.o
    0x08005440   0x08005440   0x00000038   Code   RO         3681    i._ZN8HAL_I2C14InitEv  hal_i2c.o
    0x08005478   0x08005478   0x00000002   Code   RO         2613    i._ZN9Processor10AppendDataEfb  processor.o
    0x0800547a   0x0800547a   0x00000002   Code   RO         2614    i._ZN9Processor3LogEv  processor.o
    0x0800547c   0x0800547c   0x00000028   Code   RO         4231    i.__ARM_fpclassify  m_ws.l(fpclassify.o)
    0x080054a4   0x080054a4   0x00000010   Code   RO         3898    i.__sti___11_Barrier_cpp_04efbe00  barrier.o
    0x080054b4   0x080054b4   0x0000000e   Code   RO         4059    i._is_digit         c_w.l(__printf_wp.o)
    0x080054c2   0x080054c2   0x0000000c   Code   RO         2530    i.main              main.o
    0x080054ce   0x080054ce   0x00000002   PAD
    0x080054d0   0x080054d0   0x0000002c   Code   RO         4215    locale$$code        c_w.l(lc_numeric_c.o)
    0x080054fc   0x080054fc   0x0000002c   Code   RO         4243    locale$$code        c_w.l(lc_ctype_c.o)
    0x08005528   0x08005528   0x0000000c   Code   RO         4137    x$fpl$dretinf       fz_ws.l(dretinf.o)
    0x08005534   0x08005534   0x00000056   Code   RO         3992    x$fpl$f2d           fz_ws.l(f2d.o)
    0x0800558a   0x0800558a   0x00000002   PAD
    0x0800558c   0x0800558c   0x00000030   Code   RO         3995    x$fpl$fflt          fz_ws.l(fflt_clz.o)
    0x080055bc   0x080055bc   0x0000008c   Code   RO         4139    x$fpl$fnaninf       fz_ws.l(fnaninf.o)
    0x08005648   0x08005648   0x00000004   Code   RO         4141    x$fpl$printf1       fz_ws.l(printf1.o)
    0x0800564c   0x0800564c   0x00000000   Code   RO         4143    x$fpl$usenofp       fz_ws.l(usenofp.o)
    0x0800564c   0x0800564c   0x00000018   Data   RO         2719    .constdata          system_stm32f1xx.o
    0x08005664   0x08005664   0x00000010   Data   RO         3841    .constdata          adc.o
    0x08005674   0x08005674   0x00000010   Data   RO         3906    .constdata          barrier.o
    0x08005684   0x08005684   0x00000008   Data   RO         4018    .constdata          c_w.l(_printf_wctomb.o)
    0x0800568c   0x0800568c   0x00000028   Data   RO         4047    .constdata          c_w.l(_printf_hex_int_ll_ptr.o)
    0x080056b4   0x080056b4   0x00000011   Data   RO         4067    .constdata          c_w.l(__printf_flags_ss_wp.o)
    0x080056c5   0x080056c5   0x00000003   PAD
    0x080056c8   0x080056c8   0x00000094   Data   RO         4190    .constdata          c_w.l(bigflt0.o)
    0x0800575c   0x0800575c   0x00000020   Data   RO         4314    Region$$Table       anon$$obj.o
    0x0800577c   0x0800577c   0x0000001c   Data   RO         4214    locale$$data        c_w.l(lc_numeric_c.o)
    0x08005798   0x08005798   0x00000110   Data   RO         4242    locale$$data        c_w.l(lc_ctype_c.o)
    0x080058a8   0x080058a8   0x00000004   Data   RO         3908    .init_array         barrier.o
    0x080058ac   0x080058a8   0x00000000   Data   RO         3987    .init_array         c_w.l(init_aeabi.o)


    Execution Region RW_IRAM1 (Exec base: 0x20000000, Load base: 0x080058ac, Size: 0x000023c0, Max: 0x00005000, ABSOLUTE, COMPRESSED[0x000000cc])

    Exec Addr    Load Addr    Size         Type   Attr      Idx    E Section Name        Object

    0x20000000   COMPRESSED   0x00000009   Data   RW           50    .data               stm32f1xx_hal.o
    0x20000009   COMPRESSED   0x00000003   PAD
    0x2000000c   COMPRESSED   0x00000004   Data   RW         2720    .data               system_stm32f1xx.o
    0x20000010   COMPRESSED   0x0000004e   Data   RW         3018    .data               usbd_desc.o
    0x2000005e   COMPRESSED   0x00000002   PAD
    0x20000060   COMPRESSED   0x00000014   Data   RW         3102    .data               cdc.o
    0x20000074   COMPRESSED   0x00000110   Data   RW         3433    .data               usbd_cdc.o
    0x20000184   COMPRESSED   0x00000001   Data   RW         3555    .data               usbd_ctlreq.o
    0x20000185   COMPRESSED   0x00000003   PAD
    0x20000188   COMPRESSED   0x0000000c   Data   RW         3907    .data               barrier.o
    0x20000194        -       0x00000220   Zero   RW         2818    .bss                usbd_conf.o
    0x200003b4        -       0x00000200   Zero   RW         3017    .bss                usbd_desc.o
    0x200005b4        -       0x00000e54   Zero   RW         3101    .bss                cdc.o
    0x20001408        -       0x00000054   Zero   RW         3692    .bss                hal_i2c.o
    0x2000145c        -       0x00000060   Zero   RW         4236    .bss                c_w.l(libspace.o)
    0x200014bc   COMPRESSED   0x00000004   PAD
    0x200014c0        -       0x00000700   Zero   RW         2706    HEAP                startup_stm32f103xb.o
    0x20001bc0        -       0x00000800   Zero   RW         2705    STACK               startup_stm32f103xb.o


==============================================================================

Image component sizes


      Code (inc. data)   RO Data    RW Data    ZI Data      Debug   Object Name

       428         28         16          0          0       3324   adc.o
       160         44         20         12          0       1916   barrier.o
       320         42          0         20       3668       5407   cdc.o
       100         16          0          0          0       6975   device.o
       260          6          0          0          0       1600   hal.o
       136         26          0          0         84       1666   hal_i2c.o
        40          0          0          0          0       4119   hal_it.o
        12          0          0          0          0        395   main.o
         4          0          0          0          0        797   processor.o
        64         26        236          0       3840        788   startup_stm32f103xb.o
       194         36          0          9          0     420371   stm32f1xx_hal.o
       304         22          0          0          0      29631   stm32f1xx_hal_cortex.o
       824         34          0          0          0       3395   stm32f1xx_hal_gpio.o
       380         18          0          0          0       1975   stm32f1xx_hal_i2c.o
      2448          0          0          0          0      10185   stm32f1xx_hal_pcd.o
        62          0          0          0          0       1246   stm32f1xx_hal_pcd_ex.o
      1780         96          0          0          0       5537   stm32f1xx_hal_rcc.o
       300         12          0          0          0       1464   stm32f1xx_hal_rcc_ex.o
      2838          0          0          0          0      13787   stm32f1xx_ll_usb.o
        88         18         24          4          0       1179   system_stm32f1xx.o
        64          0          0          0          0       3294   timer.o
       728         30          0        272          0      13030   usbd_cdc.o
       804         28          0          0        544      13875   usbd_conf.o
       748          0          0          0          0      10015   usbd_core.o
      1584         30          0          1          0      10660   usbd_ctlreq.o
       370        120          0         78        512       6301   usbd_desc.o
       174          0          0          0          0       4664   usbd_ioreq.o

    ----------------------------------------------------------------------
     15242        632        328        404       8648     577596   Object Totals
         0          0         32          0          0          0   (incl. Generated)
        28          0          0          8          0          0   (incl. Padding)

    ----------------------------------------------------------------------

      Code (inc. data)   RO Data    RW Data    ZI Data      Debug   Library Member Name

        90          0          0          0          0          0   __dczerorl2.o
         8          0          0          0          0         68   __main.o
       392          4         17          0          0         92   __printf_flags_ss_wp.o
        14          0          0          0          0         68   __printf_wp.o
         0          0          0          0          0          0   __rtentry.o
        12          0          0          0          0          0   __rtentry2.o
         6          0          0          0          0          0   __rtentry4.o
        52          8          0          0          0          0   __scatter.o
        28          0          0          0          0          0   __scatter_zi.o
         6          0          0          0          0          0   _printf_a.o
         6          0          0          0          0          0   _printf_c.o
        44          0          0          0          0        108   _printf_char.o
        48          6          0          0          0         96   _printf_char_common.o
        40          0          0          0          0         68   _printf_charcount.o
         6          0          0          0          0          0   _printf_d.o
       120         16          0          0          0         92   _printf_dec.o
         6          0          0          0          0          0   _printf_e.o
         6          0          0          0          0          0   _printf_f.o
      1054          0          0          0          0        216   _printf_fp_dec.o
       128         16          0          0          0         84   _printf_fp_infnan.o
         6          0          0          0          0          0   _printf_g.o
       148          4         40          0          0        160   _printf_hex_int_ll_ptr.o
         6          0          0          0          0          0   _printf_i.o
       178          0          0          0          0         88   _printf_intcommon.o
        10          0          0          0          0          0   _printf_l.o
         6          0          0          0          0          0   _printf_lc.o
        10          0          0          0          0          0   _printf_ll.o
         6          0          0          0          0          0   _printf_lld.o
         6          0          0          0          0          0   _printf_lli.o
         6          0          0          0          0          0   _printf_llo.o
         6          0          0          0          0          0   _printf_llu.o
         6          0          0          0          0          0   _printf_llx.o
       124         16          0          0          0         92   _printf_longlong_dec.o
         6          0          0          0          0          0   _printf_ls.o
         6          0          0          0          0          0   _printf_n.o
         6          0          0          0          0          0   _printf_o.o
       112         10          0          0          0        124   _printf_oct_int_ll.o
         6          0          0          0          0          0   _printf_p.o
        78          0          0          0          0        108   _printf_pad.o
         0          0          0          0          0          0   _printf_percent.o
         4          0          0          0          0          0   _printf_percent_end.o
         6          0          0          0          0          0   _printf_s.o
        82          0          0          0          0         80   _printf_str.o
        36          0          0          0          0         84   _printf_truncate.o
         6          0          0          0          0          0   _printf_u.o
        44          0          0          0          0        108   _printf_wchar.o
       188          6          8          0          0         92   _printf_wctomb.o
         6          0          0          0          0          0   _printf_x.o
        10          0          0          0          0         68   _sputc.o
        64          0          0          0          0         92   _wcrtomb.o
       228          4        148          0          0         96   bigflt0.o
      1936        128          0          0          0        672   btod.o
        36          4          0          0          0         76   c89vsprintf.o
        18          0          0          0          0         80   exit.o
         6          0          0          0          0        152   heapauxi.o
         0          0          0          0          0          0   indicate_semi.o
        36         10          0          0          0         80   init_aeabi.o
        44         10        272          0          0         76   lc_ctype_c.o
        44         10         28          0          0         76   lc_numeric_c.o
         2          0          0          0          0          0   libinit.o
        34          0          0          0          0          0   libinit2.o
         2          0          0          0          0          0   libshutdown.o
         2          0          0          0          0          0   libshutdown2.o
         8          4          0          0         96         68   libspace.o
       138          0          0          0          0         80   lludiv10.o
        16          4          0          0          0         76   rt_ctype_table.o
         8          4          0          0          0         68   rt_locale_intlibspace.o
        78          0          0          0          0         80   rt_memclr_w.o
       100          0          0          0          0         80   rt_memcpy_w.o
         2          0          0          0          0          0   rtexit.o
        10          0          0          0          0          0   rtexit2.o
       128          0          0          0          0         68   strcmpv7m.o
        62          0          0          0          0         76   strlen.o
        12          4          0          0          0         68   sys_exit.o
        74          0          0          0          0         80   sys_stackheap_outer.o
         2          0          0          0          0         68   use_no_semi.o
        12          0          0          0          0         68   dretinf.o
        86          4          0          0          0         84   f2d.o
        48          0          0          0          0         68   fflt_clz.o
       140          4          0          0          0         84   fnaninf.o
         4          0          0          0          0         68   printf1.o
         0          0          0          0          0          0   usenofp.o
        40          0          0          0          0         68   fpclassify.o

    ----------------------------------------------------------------------
      6614        276        516          0        100       4548   Library Totals
        14          0          3          0          4          0   (incl. Padding)

    ----------------------------------------------------------------------

      Code (inc. data)   RO Data    RW Data    ZI Data      Debug   Library Name

      6270        268        513          0         96       4108   c_w.l
       290          8          0          0          0        372   fz_ws.l
        40          0          0          0          0         68   m_ws.l

    ----------------------------------------------------------------------
      6614        276        516          0        100       4548   Library Totals

    ----------------------------------------------------------------------

==============================================================================


      Code (inc. data)   RO Data    RW Data    ZI Data      Debug   

     21856        908        844        404       8748     570648   Grand Totals
     21856        908        844        204       8748     570648   ELF Image Totals (compressed)
     21856        908        844        204          0          0   ROM Totals

==============================================================================

    Total RO  Size (Code + RO Data)                22700 (  22.17kB)
    Total RW  Size (RW Data + ZI Data)              9152 (   8.94kB)
    Total ROM Size (Code + RO Data + RW Data)      22904 (  22.37kB)

==============================================================================

